Для удовлетворения ссылок на файл (символ) включён член архива

/opt/riscv/lib/gcc/riscv64-unknown-elf/12.2.0/libgcc.a(_clzsi2.o)
                              build//home/oleg/projects/CoreMarkForRISCV_RV64_onQemu/FreeRTOS_RISCV_RV64G/Source/tasks.o (__clzdi2)
/opt/riscv/lib/gcc/riscv64-unknown-elf/12.2.0/libgcc.a(_clz.o)
                              /opt/riscv/lib/gcc/riscv64-unknown-elf/12.2.0/libgcc.a(_clzsi2.o) (__clz_tab)
/opt/riscv/lib/gcc/riscv64-unknown-elf/12.2.0/../../../../riscv64-unknown-elf/lib/libc.a(lib_a-memcpy.o)
                              build//home/oleg/projects/CoreMarkForRISCV_RV64_onQemu/FreeRTOS_RISCV_RV64G/Source/queue.o (memcpy)
/opt/riscv/lib/gcc/riscv64-unknown-elf/12.2.0/../../../../riscv64-unknown-elf/lib/libc.a(lib_a-memset.o)
                              build//home/oleg/projects/CoreMarkForRISCV_RV64_onQemu/FreeRTOS_RISCV_RV64G/Source/stream_buffer.o (memset)
/opt/riscv/lib/gcc/riscv64-unknown-elf/12.2.0/../../../../riscv64-unknown-elf/lib/libc.a(lib_a-strcmp.o)
                              build//home/oleg/projects/CoreMarkForRISCV_RV64_onQemu/FreeRTOS_RISCV_RV64G/Demo/Common/Minimal/TimerDemo.o (strcmp)
/opt/riscv/lib/gcc/riscv64-unknown-elf/12.2.0/../../../../riscv64-unknown-elf/lib/libc.a(lib_a-strlen.o)
                              build/riscv-virt.o (strlen)

Отброшенные входные разделы

 .text          0x0000000000000000        0x0 build/main.o
 .data          0x0000000000000000        0x0 build/main.o
 .bss           0x0000000000000000        0x0 build/main.o
 .text.vApplicationIdleHook
                0x0000000000000000        0x4 build/main.o
 .text          0x0000000000000000        0x0 build/riscv-virt.o
 .data          0x0000000000000000        0x0 build/riscv-virt.o
 .bss           0x0000000000000000        0x0 build/riscv-virt.o
 .text.xGetCoreID
                0x0000000000000000        0xc build/riscv-virt.o
 .text.handle_trap
                0x0000000000000000        0x4 build/riscv-virt.o
 .text          0x0000000000000000        0x0 build/ns16550.o
 .data          0x0000000000000000        0x0 build/ns16550.o
 .bss           0x0000000000000000        0x0 build/ns16550.o
 .text          0x0000000000000000        0x0 build/printf-stdarg.o
 .data          0x0000000000000000        0x0 build/printf-stdarg.o
 .bss           0x0000000000000000        0x0 build/printf-stdarg.o
 .text.sprintf  0x0000000000000000       0x4c build/printf-stdarg.o
 .text.snprintf
                0x0000000000000000       0x4c build/printf-stdarg.o
 .text.write    0x0000000000000000        0x8 build/printf-stdarg.o
 .text          0x0000000000000000        0x0 build/core_main.o
 .data          0x0000000000000000        0x0 build/core_main.o
 .bss           0x0000000000000000        0x0 build/core_main.o
 .rodata.str1.8
                0x0000000000000000       0x16 build/core_main.o
 .data.mem_name
                0x0000000000000000       0x18 build/core_main.o
 .text          0x0000000000000000        0x0 build/core_list_join.o
 .data          0x0000000000000000        0x0 build/core_list_join.o
 .bss           0x0000000000000000        0x0 build/core_list_join.o
 .text.copy_info
                0x0000000000000000       0x14 build/core_list_join.o
 .text.core_list_insert_new
                0x0000000000000000       0x60 build/core_list_join.o
 .text.core_list_remove
                0x0000000000000000       0x28 build/core_list_join.o
 .text.core_list_undo_remove
                0x0000000000000000       0x20 build/core_list_join.o
 .text.core_list_find
                0x0000000000000000       0x58 build/core_list_join.o
 .text.core_list_reverse
                0x0000000000000000       0x24 build/core_list_join.o
 .text          0x0000000000000000        0x0 build/core_matrix.o
 .data          0x0000000000000000        0x0 build/core_matrix.o
 .bss           0x0000000000000000        0x0 build/core_matrix.o
 .text.matrix_sum
                0x0000000000000000       0x98 build/core_matrix.o
 .text.matrix_mul_const
                0x0000000000000000       0x54 build/core_matrix.o
 .text.matrix_add_const
                0x0000000000000000       0x50 build/core_matrix.o
 .text          0x0000000000000000        0x0 build/core_state.o
 .data          0x0000000000000000        0x0 build/core_state.o
 .bss           0x0000000000000000        0x0 build/core_state.o
 .text          0x0000000000000000        0x0 build/core_util.o
 .data          0x0000000000000000        0x0 build/core_util.o
 .bss           0x0000000000000000        0x0 build/core_util.o
 .text.crcu8    0x0000000000000000       0x44 build/core_util.o
 .text          0x0000000000000000        0x0 build/core_portme.o
 .data          0x0000000000000000        0x0 build/core_portme.o
 .bss           0x0000000000000000        0x0 build/core_portme.o
 .text.portable_malloc
                0x0000000000000000        0x8 build/core_portme.o
 .text.portable_free
                0x0000000000000000        0x4 build/core_portme.o
 .text          0x0000000000000000        0x0 build//home/oleg/projects/CoreMarkForRISCV_RV64_onQemu/FreeRTOS_RISCV_RV64G/Demo/Common/Minimal/EventGroupsDemo.o
 .data          0x0000000000000000        0x0 build//home/oleg/projects/CoreMarkForRISCV_RV64_onQemu/FreeRTOS_RISCV_RV64G/Demo/Common/Minimal/EventGroupsDemo.o
 .bss           0x0000000000000000        0x0 build//home/oleg/projects/CoreMarkForRISCV_RV64_onQemu/FreeRTOS_RISCV_RV64G/Demo/Common/Minimal/EventGroupsDemo.o
 .text.prvSyncTask
                0x0000000000000000      0x134 build//home/oleg/projects/CoreMarkForRISCV_RV64_onQemu/FreeRTOS_RISCV_RV64G/Demo/Common/Minimal/EventGroupsDemo.o
 .text.prvTestSlaveTask
                0x0000000000000000      0x20c build//home/oleg/projects/CoreMarkForRISCV_RV64_onQemu/FreeRTOS_RISCV_RV64G/Demo/Common/Minimal/EventGroupsDemo.o
 .text.prvTestMasterTask
                0x0000000000000000      0x734 build//home/oleg/projects/CoreMarkForRISCV_RV64_onQemu/FreeRTOS_RISCV_RV64G/Demo/Common/Minimal/EventGroupsDemo.o
 .rodata.vStartEventGroupTasks.str1.8
                0x0000000000000000       0x15 build//home/oleg/projects/CoreMarkForRISCV_RV64_onQemu/FreeRTOS_RISCV_RV64G/Demo/Common/Minimal/EventGroupsDemo.o
 .text.vStartEventGroupTasks
                0x0000000000000000      0x10c build//home/oleg/projects/CoreMarkForRISCV_RV64_onQemu/FreeRTOS_RISCV_RV64G/Demo/Common/Minimal/EventGroupsDemo.o
 .text.vPeriodicEventGroupsProcessing
                0x0000000000000000      0x140 build//home/oleg/projects/CoreMarkForRISCV_RV64_onQemu/FreeRTOS_RISCV_RV64G/Demo/Common/Minimal/EventGroupsDemo.o
 .text.xAreEventGroupTasksStillRunning
                0x0000000000000000       0x7c build//home/oleg/projects/CoreMarkForRISCV_RV64_onQemu/FreeRTOS_RISCV_RV64G/Demo/Common/Minimal/EventGroupsDemo.o
 .sbss.ulPreviousISRCycles.0
                0x0000000000000000        0x4 build//home/oleg/projects/CoreMarkForRISCV_RV64_onQemu/FreeRTOS_RISCV_RV64G/Demo/Common/Minimal/EventGroupsDemo.o
 .sbss.ulPreviousWaitBitCycles.1
                0x0000000000000000        0x4 build//home/oleg/projects/CoreMarkForRISCV_RV64_onQemu/FreeRTOS_RISCV_RV64G/Demo/Common/Minimal/EventGroupsDemo.o
 .sbss.ulPreviousSetBitCycles.2
                0x0000000000000000        0x4 build//home/oleg/projects/CoreMarkForRISCV_RV64_onQemu/FreeRTOS_RISCV_RV64G/Demo/Common/Minimal/EventGroupsDemo.o
 .sbss.xISRTestError.3
                0x0000000000000000        0x8 build//home/oleg/projects/CoreMarkForRISCV_RV64_onQemu/FreeRTOS_RISCV_RV64G/Demo/Common/Minimal/EventGroupsDemo.o
 .sbss.xCallCount.4
                0x0000000000000000        0x8 build//home/oleg/projects/CoreMarkForRISCV_RV64_onQemu/FreeRTOS_RISCV_RV64G/Demo/Common/Minimal/EventGroupsDemo.o
 .sbss.xSyncTask2
                0x0000000000000000        0x8 build//home/oleg/projects/CoreMarkForRISCV_RV64_onQemu/FreeRTOS_RISCV_RV64G/Demo/Common/Minimal/EventGroupsDemo.o
 .sbss.xSyncTask1
                0x0000000000000000        0x8 build//home/oleg/projects/CoreMarkForRISCV_RV64_onQemu/FreeRTOS_RISCV_RV64G/Demo/Common/Minimal/EventGroupsDemo.o
 .sbss.xISREventGroup
                0x0000000000000000        0x8 build//home/oleg/projects/CoreMarkForRISCV_RV64_onQemu/FreeRTOS_RISCV_RV64G/Demo/Common/Minimal/EventGroupsDemo.o
 .sbss.xEventGroup
                0x0000000000000000        0x8 build//home/oleg/projects/CoreMarkForRISCV_RV64_onQemu/FreeRTOS_RISCV_RV64G/Demo/Common/Minimal/EventGroupsDemo.o
 .sbss.ulISRCycles
                0x0000000000000000        0x4 build//home/oleg/projects/CoreMarkForRISCV_RV64_onQemu/FreeRTOS_RISCV_RV64G/Demo/Common/Minimal/EventGroupsDemo.o
 .sbss.ulTestSlaveCycles
                0x0000000000000000        0x4 build//home/oleg/projects/CoreMarkForRISCV_RV64_onQemu/FreeRTOS_RISCV_RV64G/Demo/Common/Minimal/EventGroupsDemo.o
 .sbss.ulTestMasterCycles
                0x0000000000000000        0x4 build//home/oleg/projects/CoreMarkForRISCV_RV64_onQemu/FreeRTOS_RISCV_RV64G/Demo/Common/Minimal/EventGroupsDemo.o
 .comment       0x0000000000000000       0x1c build//home/oleg/projects/CoreMarkForRISCV_RV64_onQemu/FreeRTOS_RISCV_RV64G/Demo/Common/Minimal/EventGroupsDemo.o
 .riscv.attributes
                0x0000000000000000       0x30 build//home/oleg/projects/CoreMarkForRISCV_RV64_onQemu/FreeRTOS_RISCV_RV64G/Demo/Common/Minimal/EventGroupsDemo.o
 .text          0x0000000000000000        0x0 build//home/oleg/projects/CoreMarkForRISCV_RV64_onQemu/FreeRTOS_RISCV_RV64G/Demo/Common/Minimal/TaskNotify.o
 .data          0x0000000000000000        0x0 build//home/oleg/projects/CoreMarkForRISCV_RV64_onQemu/FreeRTOS_RISCV_RV64G/Demo/Common/Minimal/TaskNotify.o
 .bss           0x0000000000000000        0x0 build//home/oleg/projects/CoreMarkForRISCV_RV64_onQemu/FreeRTOS_RISCV_RV64G/Demo/Common/Minimal/TaskNotify.o
 .text.prvRand  0x0000000000000000       0x2c build//home/oleg/projects/CoreMarkForRISCV_RV64_onQemu/FreeRTOS_RISCV_RV64G/Demo/Common/Minimal/TaskNotify.o
 .text.prvNotifyingTimer
                0x0000000000000000       0x5c build//home/oleg/projects/CoreMarkForRISCV_RV64_onQemu/FreeRTOS_RISCV_RV64G/Demo/Common/Minimal/TaskNotify.o
 .rodata.prvNotifiedTask.str1.8
                0x0000000000000000       0x19 build//home/oleg/projects/CoreMarkForRISCV_RV64_onQemu/FreeRTOS_RISCV_RV64G/Demo/Common/Minimal/TaskNotify.o
 .text.prvNotifiedTask
                0x0000000000000000      0xb6c build//home/oleg/projects/CoreMarkForRISCV_RV64_onQemu/FreeRTOS_RISCV_RV64G/Demo/Common/Minimal/TaskNotify.o
 .text.prvSuspendedTaskTimerTestCallback
                0x0000000000000000       0xa8 build//home/oleg/projects/CoreMarkForRISCV_RV64_onQemu/FreeRTOS_RISCV_RV64G/Demo/Common/Minimal/TaskNotify.o
 .rodata.vStartTaskNotifyTask.str1.8
                0x0000000000000000        0x9 build//home/oleg/projects/CoreMarkForRISCV_RV64_onQemu/FreeRTOS_RISCV_RV64G/Demo/Common/Minimal/TaskNotify.o
 .text.vStartTaskNotifyTask
                0x0000000000000000       0x50 build//home/oleg/projects/CoreMarkForRISCV_RV64_onQemu/FreeRTOS_RISCV_RV64G/Demo/Common/Minimal/TaskNotify.o
 .text.xNotifyTaskFromISR
                0x0000000000000000      0x154 build//home/oleg/projects/CoreMarkForRISCV_RV64_onQemu/FreeRTOS_RISCV_RV64G/Demo/Common/Minimal/TaskNotify.o
 .text.xAreTaskNotificationTasksStillRunning
                0x0000000000000000       0x6c build//home/oleg/projects/CoreMarkForRISCV_RV64_onQemu/FreeRTOS_RISCV_RV64G/Demo/Common/Minimal/TaskNotify.o
 .sbss.ulLastNotifyCycleCount.0
                0x0000000000000000        0x4 build//home/oleg/projects/CoreMarkForRISCV_RV64_onQemu/FreeRTOS_RISCV_RV64G/Demo/Common/Minimal/TaskNotify.o
 .sbss.xAPIToUse.1
                0x0000000000000000        0x8 build//home/oleg/projects/CoreMarkForRISCV_RV64_onQemu/FreeRTOS_RISCV_RV64G/Demo/Common/Minimal/TaskNotify.o
 .sbss.xCallCount.2
                0x0000000000000000        0x8 build//home/oleg/projects/CoreMarkForRISCV_RV64_onQemu/FreeRTOS_RISCV_RV64G/Demo/Common/Minimal/TaskNotify.o
 .sbss.ulCallCount.3
                0x0000000000000000        0x4 build//home/oleg/projects/CoreMarkForRISCV_RV64_onQemu/FreeRTOS_RISCV_RV64G/Demo/Common/Minimal/TaskNotify.o
 .sbss.uxNextRand
                0x0000000000000000        0x8 build//home/oleg/projects/CoreMarkForRISCV_RV64_onQemu/FreeRTOS_RISCV_RV64G/Demo/Common/Minimal/TaskNotify.o
 .sbss.xTimer   0x0000000000000000        0x8 build//home/oleg/projects/CoreMarkForRISCV_RV64_onQemu/FreeRTOS_RISCV_RV64G/Demo/Common/Minimal/TaskNotify.o
 .sbss.ulTimerNotificationsSent
                0x0000000000000000        0x4 build//home/oleg/projects/CoreMarkForRISCV_RV64_onQemu/FreeRTOS_RISCV_RV64G/Demo/Common/Minimal/TaskNotify.o
 .sbss.ulTimerNotificationsReceived
                0x0000000000000000        0x4 build//home/oleg/projects/CoreMarkForRISCV_RV64_onQemu/FreeRTOS_RISCV_RV64G/Demo/Common/Minimal/TaskNotify.o
 .sbss.xTaskToNotify
                0x0000000000000000        0x8 build//home/oleg/projects/CoreMarkForRISCV_RV64_onQemu/FreeRTOS_RISCV_RV64G/Demo/Common/Minimal/TaskNotify.o
 .sbss.ulNotifyCycleCount
                0x0000000000000000        0x4 build//home/oleg/projects/CoreMarkForRISCV_RV64_onQemu/FreeRTOS_RISCV_RV64G/Demo/Common/Minimal/TaskNotify.o
 .sdata.xErrorStatus
                0x0000000000000000        0x8 build//home/oleg/projects/CoreMarkForRISCV_RV64_onQemu/FreeRTOS_RISCV_RV64G/Demo/Common/Minimal/TaskNotify.o
 .comment       0x0000000000000000       0x1c build//home/oleg/projects/CoreMarkForRISCV_RV64_onQemu/FreeRTOS_RISCV_RV64G/Demo/Common/Minimal/TaskNotify.o
 .riscv.attributes
                0x0000000000000000       0x34 build//home/oleg/projects/CoreMarkForRISCV_RV64_onQemu/FreeRTOS_RISCV_RV64G/Demo/Common/Minimal/TaskNotify.o
 .text          0x0000000000000000        0x0 build//home/oleg/projects/CoreMarkForRISCV_RV64_onQemu/FreeRTOS_RISCV_RV64G/Demo/Common/Minimal/TimerDemo.o
 .data          0x0000000000000000        0x0 build//home/oleg/projects/CoreMarkForRISCV_RV64_onQemu/FreeRTOS_RISCV_RV64G/Demo/Common/Minimal/TimerDemo.o
 .bss           0x0000000000000000        0x0 build//home/oleg/projects/CoreMarkForRISCV_RV64_onQemu/FreeRTOS_RISCV_RV64G/Demo/Common/Minimal/TimerDemo.o
 .text.prvISRAutoReloadTimerCallback
                0x0000000000000000       0x18 build//home/oleg/projects/CoreMarkForRISCV_RV64_onQemu/FreeRTOS_RISCV_RV64G/Demo/Common/Minimal/TimerDemo.o
 .text.prvISROneShotTimerCallback
                0x0000000000000000       0x18 build//home/oleg/projects/CoreMarkForRISCV_RV64_onQemu/FreeRTOS_RISCV_RV64G/Demo/Common/Minimal/TimerDemo.o
 .text.prvOneShotTimerCallback
                0x0000000000000000       0x84 build//home/oleg/projects/CoreMarkForRISCV_RV64_onQemu/FreeRTOS_RISCV_RV64G/Demo/Common/Minimal/TimerDemo.o
 .rodata.prvTimerTestTask.str1.8
                0x0000000000000000        0xe build//home/oleg/projects/CoreMarkForRISCV_RV64_onQemu/FreeRTOS_RISCV_RV64G/Demo/Common/Minimal/TimerDemo.o
 .text.prvTimerTestTask
                0x0000000000000000      0xac4 build//home/oleg/projects/CoreMarkForRISCV_RV64_onQemu/FreeRTOS_RISCV_RV64G/Demo/Common/Minimal/TimerDemo.o
 .text.prvAutoReloadTimerCallback
                0x0000000000000000       0xac build//home/oleg/projects/CoreMarkForRISCV_RV64_onQemu/FreeRTOS_RISCV_RV64G/Demo/Common/Minimal/TimerDemo.o
 .rodata.vStartTimerDemoTask.str1.8
                0x0000000000000000       0x28 build//home/oleg/projects/CoreMarkForRISCV_RV64_onQemu/FreeRTOS_RISCV_RV64G/Demo/Common/Minimal/TimerDemo.o
 .text.vStartTimerDemoTask
                0x0000000000000000      0x300 build//home/oleg/projects/CoreMarkForRISCV_RV64_onQemu/FreeRTOS_RISCV_RV64G/Demo/Common/Minimal/TimerDemo.o
 .text.vTimerDemoIncludeBacklogTests
                0x0000000000000000        0xc build//home/oleg/projects/CoreMarkForRISCV_RV64_onQemu/FreeRTOS_RISCV_RV64G/Demo/Common/Minimal/TimerDemo.o
 .text.xAreTimerDemoTasksStillRunning
                0x0000000000000000       0xa8 build//home/oleg/projects/CoreMarkForRISCV_RV64_onQemu/FreeRTOS_RISCV_RV64G/Demo/Common/Minimal/TimerDemo.o
 .text.vTimerPeriodicISRTests
                0x0000000000000000      0x474 build//home/oleg/projects/CoreMarkForRISCV_RV64_onQemu/FreeRTOS_RISCV_RV64G/Demo/Common/Minimal/TimerDemo.o
 .sdata.uxTick.0
                0x0000000000000000        0x8 build//home/oleg/projects/CoreMarkForRISCV_RV64_onQemu/FreeRTOS_RISCV_RV64G/Demo/Common/Minimal/TimerDemo.o
 .sbss.ulLastLoopCounter.1
                0x0000000000000000        0x4 build//home/oleg/projects/CoreMarkForRISCV_RV64_onQemu/FreeRTOS_RISCV_RV64G/Demo/Common/Minimal/TimerDemo.o
 .sbss.xIterationsWithoutCounterIncrement.2
                0x0000000000000000        0x8 build//home/oleg/projects/CoreMarkForRISCV_RV64_onQemu/FreeRTOS_RISCV_RV64G/Demo/Common/Minimal/TimerDemo.o
 .sbss.xLastCycleFrequency.3
                0x0000000000000000        0x8 build//home/oleg/projects/CoreMarkForRISCV_RV64_onQemu/FreeRTOS_RISCV_RV64G/Demo/Common/Minimal/TimerDemo.o
 .sbss.uxCallCount.4
                0x0000000000000000        0x8 build//home/oleg/projects/CoreMarkForRISCV_RV64_onQemu/FreeRTOS_RISCV_RV64G/Demo/Common/Minimal/TimerDemo.o
 .sbss.xBasePeriod
                0x0000000000000000        0x8 build//home/oleg/projects/CoreMarkForRISCV_RV64_onQemu/FreeRTOS_RISCV_RV64G/Demo/Common/Minimal/TimerDemo.o
 .sbss.ucISROneShotTimerCounter
                0x0000000000000000        0x1 build//home/oleg/projects/CoreMarkForRISCV_RV64_onQemu/FreeRTOS_RISCV_RV64G/Demo/Common/Minimal/TimerDemo.o
 .sbss.xISROneShotTimer
                0x0000000000000000        0x8 build//home/oleg/projects/CoreMarkForRISCV_RV64_onQemu/FreeRTOS_RISCV_RV64G/Demo/Common/Minimal/TimerDemo.o
 .sbss.ucISRAutoReloadTimerCounter
                0x0000000000000000        0x1 build//home/oleg/projects/CoreMarkForRISCV_RV64_onQemu/FreeRTOS_RISCV_RV64G/Demo/Common/Minimal/TimerDemo.o
 .sbss.xISRAutoReloadTimer
                0x0000000000000000        0x8 build//home/oleg/projects/CoreMarkForRISCV_RV64_onQemu/FreeRTOS_RISCV_RV64G/Demo/Common/Minimal/TimerDemo.o
 .sbss.ucOneShotTimerCounter
                0x0000000000000000        0x1 build//home/oleg/projects/CoreMarkForRISCV_RV64_onQemu/FreeRTOS_RISCV_RV64G/Demo/Common/Minimal/TimerDemo.o
 .sbss.xOneShotTimer
                0x0000000000000000        0x8 build//home/oleg/projects/CoreMarkForRISCV_RV64_onQemu/FreeRTOS_RISCV_RV64G/Demo/Common/Minimal/TimerDemo.o
 .sbss.ucIsStopNeededInTimerZeroCallback
                0x0000000000000000        0x1 build//home/oleg/projects/CoreMarkForRISCV_RV64_onQemu/FreeRTOS_RISCV_RV64G/Demo/Common/Minimal/TimerDemo.o
 .sbss.ucAutoReloadTimerCounters
                0x0000000000000000        0x7 build//home/oleg/projects/CoreMarkForRISCV_RV64_onQemu/FreeRTOS_RISCV_RV64G/Demo/Common/Minimal/TimerDemo.o
 .bss.xAutoReloadTimers
                0x0000000000000000       0x38 build//home/oleg/projects/CoreMarkForRISCV_RV64_onQemu/FreeRTOS_RISCV_RV64G/Demo/Common/Minimal/TimerDemo.o
 .sbss.ulLoopCounter
                0x0000000000000000        0x4 build//home/oleg/projects/CoreMarkForRISCV_RV64_onQemu/FreeRTOS_RISCV_RV64G/Demo/Common/Minimal/TimerDemo.o
 .sbss.ucIsBacklogDemoEnabled
                0x0000000000000000        0x1 build//home/oleg/projects/CoreMarkForRISCV_RV64_onQemu/FreeRTOS_RISCV_RV64G/Demo/Common/Minimal/TimerDemo.o
 .sdata.xTestStatus
                0x0000000000000000        0x8 build//home/oleg/projects/CoreMarkForRISCV_RV64_onQemu/FreeRTOS_RISCV_RV64G/Demo/Common/Minimal/TimerDemo.o
 .comment       0x0000000000000000       0x1c build//home/oleg/projects/CoreMarkForRISCV_RV64_onQemu/FreeRTOS_RISCV_RV64G/Demo/Common/Minimal/TimerDemo.o
 .riscv.attributes
                0x0000000000000000       0x34 build//home/oleg/projects/CoreMarkForRISCV_RV64_onQemu/FreeRTOS_RISCV_RV64G/Demo/Common/Minimal/TimerDemo.o
 .text          0x0000000000000000        0x0 build//home/oleg/projects/CoreMarkForRISCV_RV64_onQemu/FreeRTOS_RISCV_RV64G/Demo/Common/Minimal/blocktim.o
 .data          0x0000000000000000        0x0 build//home/oleg/projects/CoreMarkForRISCV_RV64_onQemu/FreeRTOS_RISCV_RV64G/Demo/Common/Minimal/blocktim.o
 .bss           0x0000000000000000        0x0 build//home/oleg/projects/CoreMarkForRISCV_RV64_onQemu/FreeRTOS_RISCV_RV64G/Demo/Common/Minimal/blocktim.o
 .text.vSecondaryBlockTimeTestTask
                0x0000000000000000      0x120 build//home/oleg/projects/CoreMarkForRISCV_RV64_onQemu/FreeRTOS_RISCV_RV64G/Demo/Common/Minimal/blocktim.o
 .text.vPrimaryBlockTimeTestTask
                0x0000000000000000      0x4fc build//home/oleg/projects/CoreMarkForRISCV_RV64_onQemu/FreeRTOS_RISCV_RV64G/Demo/Common/Minimal/blocktim.o
 .rodata.vCreateBlockTimeTasks.str1.8
                0x0000000000000000       0x27 build//home/oleg/projects/CoreMarkForRISCV_RV64_onQemu/FreeRTOS_RISCV_RV64G/Demo/Common/Minimal/blocktim.o
 .text.vCreateBlockTimeTasks
                0x0000000000000000       0xa0 build//home/oleg/projects/CoreMarkForRISCV_RV64_onQemu/FreeRTOS_RISCV_RV64G/Demo/Common/Minimal/blocktim.o
 .text.xAreBlockTimeTestTasksStillRunning
                0x0000000000000000       0x68 build//home/oleg/projects/CoreMarkForRISCV_RV64_onQemu/FreeRTOS_RISCV_RV64G/Demo/Common/Minimal/blocktim.o
 .sbss.xLastSecondaryCycleCount.0
                0x0000000000000000        0x8 build//home/oleg/projects/CoreMarkForRISCV_RV64_onQemu/FreeRTOS_RISCV_RV64G/Demo/Common/Minimal/blocktim.o
 .sbss.xLastPrimaryCycleCount.1
                0x0000000000000000        0x8 build//home/oleg/projects/CoreMarkForRISCV_RV64_onQemu/FreeRTOS_RISCV_RV64G/Demo/Common/Minimal/blocktim.o
 .sbss.xRunIndicator
                0x0000000000000000        0x8 build//home/oleg/projects/CoreMarkForRISCV_RV64_onQemu/FreeRTOS_RISCV_RV64G/Demo/Common/Minimal/blocktim.o
 .sbss.xErrorOccurred
                0x0000000000000000        0x8 build//home/oleg/projects/CoreMarkForRISCV_RV64_onQemu/FreeRTOS_RISCV_RV64G/Demo/Common/Minimal/blocktim.o
 .sbss.xSecondaryCycles
                0x0000000000000000        0x8 build//home/oleg/projects/CoreMarkForRISCV_RV64_onQemu/FreeRTOS_RISCV_RV64G/Demo/Common/Minimal/blocktim.o
 .sbss.xPrimaryCycles
                0x0000000000000000        0x8 build//home/oleg/projects/CoreMarkForRISCV_RV64_onQemu/FreeRTOS_RISCV_RV64G/Demo/Common/Minimal/blocktim.o
 .sbss.xSecondary
                0x0000000000000000        0x8 build//home/oleg/projects/CoreMarkForRISCV_RV64_onQemu/FreeRTOS_RISCV_RV64G/Demo/Common/Minimal/blocktim.o
 .sbss.xTestQueue
                0x0000000000000000        0x8 build//home/oleg/projects/CoreMarkForRISCV_RV64_onQemu/FreeRTOS_RISCV_RV64G/Demo/Common/Minimal/blocktim.o
 .comment       0x0000000000000000       0x1c build//home/oleg/projects/CoreMarkForRISCV_RV64_onQemu/FreeRTOS_RISCV_RV64G/Demo/Common/Minimal/blocktim.o
 .riscv.attributes
                0x0000000000000000       0x30 build//home/oleg/projects/CoreMarkForRISCV_RV64_onQemu/FreeRTOS_RISCV_RV64G/Demo/Common/Minimal/blocktim.o
 .text          0x0000000000000000        0x0 build//home/oleg/projects/CoreMarkForRISCV_RV64_onQemu/FreeRTOS_RISCV_RV64G/Demo/Common/Minimal/dynamic.o
 .data          0x0000000000000000        0x0 build//home/oleg/projects/CoreMarkForRISCV_RV64_onQemu/FreeRTOS_RISCV_RV64G/Demo/Common/Minimal/dynamic.o
 .bss           0x0000000000000000        0x0 build//home/oleg/projects/CoreMarkForRISCV_RV64_onQemu/FreeRTOS_RISCV_RV64G/Demo/Common/Minimal/dynamic.o
 .text.vQueueReceiveWhenSuspendedTask
                0x0000000000000000       0xa0 build//home/oleg/projects/CoreMarkForRISCV_RV64_onQemu/FreeRTOS_RISCV_RV64G/Demo/Common/Minimal/dynamic.o
 .text.vQueueSendWhenSuspendedTask
                0x0000000000000000       0x80 build//home/oleg/projects/CoreMarkForRISCV_RV64_onQemu/FreeRTOS_RISCV_RV64G/Demo/Common/Minimal/dynamic.o
 .text.vLimitedIncrementTask
                0x0000000000000000       0x48 build//home/oleg/projects/CoreMarkForRISCV_RV64_onQemu/FreeRTOS_RISCV_RV64G/Demo/Common/Minimal/dynamic.o
 .text.vCounterControlTask
                0x0000000000000000      0x1a4 build//home/oleg/projects/CoreMarkForRISCV_RV64_onQemu/FreeRTOS_RISCV_RV64G/Demo/Common/Minimal/dynamic.o
 .text.vContinuousIncrementTask
                0x0000000000000000       0xac build//home/oleg/projects/CoreMarkForRISCV_RV64_onQemu/FreeRTOS_RISCV_RV64G/Demo/Common/Minimal/dynamic.o
 .rodata.vStartDynamicPriorityTasks.str1.8
                0x0000000000000000       0x40 build//home/oleg/projects/CoreMarkForRISCV_RV64_onQemu/FreeRTOS_RISCV_RV64G/Demo/Common/Minimal/dynamic.o
 .text.vStartDynamicPriorityTasks
                0x0000000000000000      0x124 build//home/oleg/projects/CoreMarkForRISCV_RV64_onQemu/FreeRTOS_RISCV_RV64G/Demo/Common/Minimal/dynamic.o
 .text.xAreDynamicPriorityTasksStillRunning
                0x0000000000000000       0x74 build//home/oleg/projects/CoreMarkForRISCV_RV64_onQemu/FreeRTOS_RISCV_RV64G/Demo/Common/Minimal/dynamic.o
 .sbss.ulLastExpectedValue.0
                0x0000000000000000        0x4 build//home/oleg/projects/CoreMarkForRISCV_RV64_onQemu/FreeRTOS_RISCV_RV64G/Demo/Common/Minimal/dynamic.o
 .sbss.usLastTaskCheck.1
                0x0000000000000000        0x2 build//home/oleg/projects/CoreMarkForRISCV_RV64_onQemu/FreeRTOS_RISCV_RV64G/Demo/Common/Minimal/dynamic.o
 .sbss.ulValueToSend.2
                0x0000000000000000        0x4 build//home/oleg/projects/CoreMarkForRISCV_RV64_onQemu/FreeRTOS_RISCV_RV64G/Demo/Common/Minimal/dynamic.o
 .sbss.ulExpectedValue
                0x0000000000000000        0x4 build//home/oleg/projects/CoreMarkForRISCV_RV64_onQemu/FreeRTOS_RISCV_RV64G/Demo/Common/Minimal/dynamic.o
 .sbss.xSuspendedTestQueue
                0x0000000000000000        0x8 build//home/oleg/projects/CoreMarkForRISCV_RV64_onQemu/FreeRTOS_RISCV_RV64G/Demo/Common/Minimal/dynamic.o
 .sbss.xSuspendedQueueReceiveError
                0x0000000000000000        0x8 build//home/oleg/projects/CoreMarkForRISCV_RV64_onQemu/FreeRTOS_RISCV_RV64G/Demo/Common/Minimal/dynamic.o
 .sbss.xSuspendedQueueSendError
                0x0000000000000000        0x8 build//home/oleg/projects/CoreMarkForRISCV_RV64_onQemu/FreeRTOS_RISCV_RV64G/Demo/Common/Minimal/dynamic.o
 .sbss.usCheckVariable
                0x0000000000000000        0x2 build//home/oleg/projects/CoreMarkForRISCV_RV64_onQemu/FreeRTOS_RISCV_RV64G/Demo/Common/Minimal/dynamic.o
 .sbss.ulCounter
                0x0000000000000000        0x4 build//home/oleg/projects/CoreMarkForRISCV_RV64_onQemu/FreeRTOS_RISCV_RV64G/Demo/Common/Minimal/dynamic.o
 .sbss.xLimitedIncrementHandle
                0x0000000000000000        0x8 build//home/oleg/projects/CoreMarkForRISCV_RV64_onQemu/FreeRTOS_RISCV_RV64G/Demo/Common/Minimal/dynamic.o
 .sbss.xContinuousIncrementHandle
                0x0000000000000000        0x8 build//home/oleg/projects/CoreMarkForRISCV_RV64_onQemu/FreeRTOS_RISCV_RV64G/Demo/Common/Minimal/dynamic.o
 .comment       0x0000000000000000       0x1c build//home/oleg/projects/CoreMarkForRISCV_RV64_onQemu/FreeRTOS_RISCV_RV64G/Demo/Common/Minimal/dynamic.o
 .riscv.attributes
                0x0000000000000000       0x34 build//home/oleg/projects/CoreMarkForRISCV_RV64_onQemu/FreeRTOS_RISCV_RV64G/Demo/Common/Minimal/dynamic.o
 .text          0x0000000000000000        0x0 build//home/oleg/projects/CoreMarkForRISCV_RV64_onQemu/FreeRTOS_RISCV_RV64G/Demo/Common/Minimal/recmutex.o
 .data          0x0000000000000000        0x0 build//home/oleg/projects/CoreMarkForRISCV_RV64_onQemu/FreeRTOS_RISCV_RV64G/Demo/Common/Minimal/recmutex.o
 .bss           0x0000000000000000        0x0 build//home/oleg/projects/CoreMarkForRISCV_RV64_onQemu/FreeRTOS_RISCV_RV64G/Demo/Common/Minimal/recmutex.o
 .text.prvRecursiveMutexPollingTask
                0x0000000000000000      0x194 build//home/oleg/projects/CoreMarkForRISCV_RV64_onQemu/FreeRTOS_RISCV_RV64G/Demo/Common/Minimal/recmutex.o
 .text.prvRecursiveMutexBlockingTask
                0x0000000000000000       0xe0 build//home/oleg/projects/CoreMarkForRISCV_RV64_onQemu/FreeRTOS_RISCV_RV64G/Demo/Common/Minimal/recmutex.o
 .text.prvRecursiveMutexControllingTask
                0x0000000000000000      0x104 build//home/oleg/projects/CoreMarkForRISCV_RV64_onQemu/FreeRTOS_RISCV_RV64G/Demo/Common/Minimal/recmutex.o
 .rodata.vStartRecursiveMutexTasks.str1.8
                0x0000000000000000       0x25 build//home/oleg/projects/CoreMarkForRISCV_RV64_onQemu/FreeRTOS_RISCV_RV64G/Demo/Common/Minimal/recmutex.o
 .text.vStartRecursiveMutexTasks
                0x0000000000000000       0xc4 build//home/oleg/projects/CoreMarkForRISCV_RV64_onQemu/FreeRTOS_RISCV_RV64G/Demo/Common/Minimal/recmutex.o
 .text.xAreRecursiveMutexTasksStillRunning
                0x0000000000000000       0xec build//home/oleg/projects/CoreMarkForRISCV_RV64_onQemu/FreeRTOS_RISCV_RV64G/Demo/Common/Minimal/recmutex.o
 .sbss.uxLastPollingCycles.0
                0x0000000000000000        0x8 build//home/oleg/projects/CoreMarkForRISCV_RV64_onQemu/FreeRTOS_RISCV_RV64G/Demo/Common/Minimal/recmutex.o
 .sbss.uxLastBlockingCycles.1
                0x0000000000000000        0x8 build//home/oleg/projects/CoreMarkForRISCV_RV64_onQemu/FreeRTOS_RISCV_RV64G/Demo/Common/Minimal/recmutex.o
 .sbss.uxLastControllingCycles.2
                0x0000000000000000        0x8 build//home/oleg/projects/CoreMarkForRISCV_RV64_onQemu/FreeRTOS_RISCV_RV64G/Demo/Common/Minimal/recmutex.o
 .sbss.xBlockingTaskHandle
                0x0000000000000000        0x8 build//home/oleg/projects/CoreMarkForRISCV_RV64_onQemu/FreeRTOS_RISCV_RV64G/Demo/Common/Minimal/recmutex.o
 .sbss.xControllingTaskHandle
                0x0000000000000000        0x8 build//home/oleg/projects/CoreMarkForRISCV_RV64_onQemu/FreeRTOS_RISCV_RV64G/Demo/Common/Minimal/recmutex.o
 .sbss.uxPollingCycles
                0x0000000000000000        0x8 build//home/oleg/projects/CoreMarkForRISCV_RV64_onQemu/FreeRTOS_RISCV_RV64G/Demo/Common/Minimal/recmutex.o
 .sbss.uxBlockingCycles
                0x0000000000000000        0x8 build//home/oleg/projects/CoreMarkForRISCV_RV64_onQemu/FreeRTOS_RISCV_RV64G/Demo/Common/Minimal/recmutex.o
 .sbss.uxControllingCycles
                0x0000000000000000        0x8 build//home/oleg/projects/CoreMarkForRISCV_RV64_onQemu/FreeRTOS_RISCV_RV64G/Demo/Common/Minimal/recmutex.o
 .sbss.xBlockingIsSuspended
                0x0000000000000000        0x8 build//home/oleg/projects/CoreMarkForRISCV_RV64_onQemu/FreeRTOS_RISCV_RV64G/Demo/Common/Minimal/recmutex.o
 .sbss.xControllingIsSuspended
                0x0000000000000000        0x8 build//home/oleg/projects/CoreMarkForRISCV_RV64_onQemu/FreeRTOS_RISCV_RV64G/Demo/Common/Minimal/recmutex.o
 .sbss.xErrorOccurred
                0x0000000000000000        0x8 build//home/oleg/projects/CoreMarkForRISCV_RV64_onQemu/FreeRTOS_RISCV_RV64G/Demo/Common/Minimal/recmutex.o
 .sbss.xMutex   0x0000000000000000        0x8 build//home/oleg/projects/CoreMarkForRISCV_RV64_onQemu/FreeRTOS_RISCV_RV64G/Demo/Common/Minimal/recmutex.o
 .comment       0x0000000000000000       0x1c build//home/oleg/projects/CoreMarkForRISCV_RV64_onQemu/FreeRTOS_RISCV_RV64G/Demo/Common/Minimal/recmutex.o
 .riscv.attributes
                0x0000000000000000       0x30 build//home/oleg/projects/CoreMarkForRISCV_RV64_onQemu/FreeRTOS_RISCV_RV64G/Demo/Common/Minimal/recmutex.o
 .text          0x0000000000000000        0x0 build//home/oleg/projects/CoreMarkForRISCV_RV64_onQemu/FreeRTOS_RISCV_RV64G/Source/event_groups.o
 .data          0x0000000000000000        0x0 build//home/oleg/projects/CoreMarkForRISCV_RV64_onQemu/FreeRTOS_RISCV_RV64G/Source/event_groups.o
 .bss           0x0000000000000000        0x0 build//home/oleg/projects/CoreMarkForRISCV_RV64_onQemu/FreeRTOS_RISCV_RV64G/Source/event_groups.o
 .text.xEventGroupCreate
                0x0000000000000000       0x44 build//home/oleg/projects/CoreMarkForRISCV_RV64_onQemu/FreeRTOS_RISCV_RV64G/Source/event_groups.o
 .text.xEventGroupWaitBits
                0x0000000000000000      0x1e4 build//home/oleg/projects/CoreMarkForRISCV_RV64_onQemu/FreeRTOS_RISCV_RV64G/Source/event_groups.o
 .text.xEventGroupClearBits
                0x0000000000000000       0x84 build//home/oleg/projects/CoreMarkForRISCV_RV64_onQemu/FreeRTOS_RISCV_RV64G/Source/event_groups.o
 .text.xEventGroupGetBitsFromISR
                0x0000000000000000        0x8 build//home/oleg/projects/CoreMarkForRISCV_RV64_onQemu/FreeRTOS_RISCV_RV64G/Source/event_groups.o
 .text.xEventGroupSetBits
                0x0000000000000000      0x128 build//home/oleg/projects/CoreMarkForRISCV_RV64_onQemu/FreeRTOS_RISCV_RV64G/Source/event_groups.o
 .text.xEventGroupSync
                0x0000000000000000      0x20c build//home/oleg/projects/CoreMarkForRISCV_RV64_onQemu/FreeRTOS_RISCV_RV64G/Source/event_groups.o
 .text.vEventGroupDelete
                0x0000000000000000       0x9c build//home/oleg/projects/CoreMarkForRISCV_RV64_onQemu/FreeRTOS_RISCV_RV64G/Source/event_groups.o
 .text.vEventGroupSetBitsCallback
                0x0000000000000000       0x10 build//home/oleg/projects/CoreMarkForRISCV_RV64_onQemu/FreeRTOS_RISCV_RV64G/Source/event_groups.o
 .text.vEventGroupClearBitsCallback
                0x0000000000000000       0x88 build//home/oleg/projects/CoreMarkForRISCV_RV64_onQemu/FreeRTOS_RISCV_RV64G/Source/event_groups.o
 .comment       0x0000000000000000       0x1c build//home/oleg/projects/CoreMarkForRISCV_RV64_onQemu/FreeRTOS_RISCV_RV64G/Source/event_groups.o
 .riscv.attributes
                0x0000000000000000       0x34 build//home/oleg/projects/CoreMarkForRISCV_RV64_onQemu/FreeRTOS_RISCV_RV64G/Source/event_groups.o
 .text          0x0000000000000000        0x0 build//home/oleg/projects/CoreMarkForRISCV_RV64_onQemu/FreeRTOS_RISCV_RV64G/Source/list.o
 .data          0x0000000000000000        0x0 build//home/oleg/projects/CoreMarkForRISCV_RV64_onQemu/FreeRTOS_RISCV_RV64G/Source/list.o
 .bss           0x0000000000000000        0x0 build//home/oleg/projects/CoreMarkForRISCV_RV64_onQemu/FreeRTOS_RISCV_RV64G/Source/list.o
 .text.vListInsertEnd
                0x0000000000000000       0x2c build//home/oleg/projects/CoreMarkForRISCV_RV64_onQemu/FreeRTOS_RISCV_RV64G/Source/list.o
 .text          0x0000000000000000        0x0 build//home/oleg/projects/CoreMarkForRISCV_RV64_onQemu/FreeRTOS_RISCV_RV64G/Source/queue.o
 .data          0x0000000000000000        0x0 build//home/oleg/projects/CoreMarkForRISCV_RV64_onQemu/FreeRTOS_RISCV_RV64G/Source/queue.o
 .bss           0x0000000000000000        0x0 build//home/oleg/projects/CoreMarkForRISCV_RV64_onQemu/FreeRTOS_RISCV_RV64G/Source/queue.o
 .text.prvCopyDataToQueue
                0x0000000000000000      0x118 build//home/oleg/projects/CoreMarkForRISCV_RV64_onQemu/FreeRTOS_RISCV_RV64G/Source/queue.o
 .text.xQueueGetMutexHolder
                0x0000000000000000       0x54 build//home/oleg/projects/CoreMarkForRISCV_RV64_onQemu/FreeRTOS_RISCV_RV64G/Source/queue.o
 .text.xQueueGetMutexHolderFromISR
                0x0000000000000000       0x40 build//home/oleg/projects/CoreMarkForRISCV_RV64_onQemu/FreeRTOS_RISCV_RV64G/Source/queue.o
 .text.xQueueCreateCountingSemaphore
                0x0000000000000000       0x5c build//home/oleg/projects/CoreMarkForRISCV_RV64_onQemu/FreeRTOS_RISCV_RV64G/Source/queue.o
 .text.xQueueGenericSend
                0x0000000000000000      0x294 build//home/oleg/projects/CoreMarkForRISCV_RV64_onQemu/FreeRTOS_RISCV_RV64G/Source/queue.o
 .text.xQueueCreateMutex
                0x0000000000000000       0x74 build//home/oleg/projects/CoreMarkForRISCV_RV64_onQemu/FreeRTOS_RISCV_RV64G/Source/queue.o
 .text.xQueueGiveMutexRecursive
                0x0000000000000000       0x9c build//home/oleg/projects/CoreMarkForRISCV_RV64_onQemu/FreeRTOS_RISCV_RV64G/Source/queue.o
 .text.xQueueGenericSendFromISR
                0x0000000000000000      0x138 build//home/oleg/projects/CoreMarkForRISCV_RV64_onQemu/FreeRTOS_RISCV_RV64G/Source/queue.o
 .text.xQueueGiveFromISR
                0x0000000000000000      0x10c build//home/oleg/projects/CoreMarkForRISCV_RV64_onQemu/FreeRTOS_RISCV_RV64G/Source/queue.o
 .text.xQueueSemaphoreTake
                0x0000000000000000      0x31c build//home/oleg/projects/CoreMarkForRISCV_RV64_onQemu/FreeRTOS_RISCV_RV64G/Source/queue.o
 .text.xQueueTakeMutexRecursive
                0x0000000000000000       0x9c build//home/oleg/projects/CoreMarkForRISCV_RV64_onQemu/FreeRTOS_RISCV_RV64G/Source/queue.o
 .text.xQueuePeek
                0x0000000000000000      0x298 build//home/oleg/projects/CoreMarkForRISCV_RV64_onQemu/FreeRTOS_RISCV_RV64G/Source/queue.o
 .text.xQueueReceiveFromISR
                0x0000000000000000      0x14c build//home/oleg/projects/CoreMarkForRISCV_RV64_onQemu/FreeRTOS_RISCV_RV64G/Source/queue.o
 .text.xQueuePeekFromISR
                0x0000000000000000       0xd8 build//home/oleg/projects/CoreMarkForRISCV_RV64_onQemu/FreeRTOS_RISCV_RV64G/Source/queue.o
 .text.uxQueueMessagesWaiting
                0x0000000000000000       0x60 build//home/oleg/projects/CoreMarkForRISCV_RV64_onQemu/FreeRTOS_RISCV_RV64G/Source/queue.o
 .text.uxQueueSpacesAvailable
                0x0000000000000000       0x70 build//home/oleg/projects/CoreMarkForRISCV_RV64_onQemu/FreeRTOS_RISCV_RV64G/Source/queue.o
 .text.uxQueueMessagesWaitingFromISR
                0x0000000000000000       0x34 build//home/oleg/projects/CoreMarkForRISCV_RV64_onQemu/FreeRTOS_RISCV_RV64G/Source/queue.o
 .text.vQueueDelete
                0x0000000000000000       0xb8 build//home/oleg/projects/CoreMarkForRISCV_RV64_onQemu/FreeRTOS_RISCV_RV64G/Source/queue.o
 .text.xQueueIsQueueEmptyFromISR
                0x0000000000000000       0x3c build//home/oleg/projects/CoreMarkForRISCV_RV64_onQemu/FreeRTOS_RISCV_RV64G/Source/queue.o
 .text.xQueueIsQueueFullFromISR
                0x0000000000000000       0x4c build//home/oleg/projects/CoreMarkForRISCV_RV64_onQemu/FreeRTOS_RISCV_RV64G/Source/queue.o
 .text.pcQueueGetName
                0x0000000000000000       0xa4 build//home/oleg/projects/CoreMarkForRISCV_RV64_onQemu/FreeRTOS_RISCV_RV64G/Source/queue.o
 .text.vQueueUnregisterQueue
                0x0000000000000000       0xa4 build//home/oleg/projects/CoreMarkForRISCV_RV64_onQemu/FreeRTOS_RISCV_RV64G/Source/queue.o
 .text          0x0000000000000000        0x0 build//home/oleg/projects/CoreMarkForRISCV_RV64_onQemu/FreeRTOS_RISCV_RV64G/Source/stream_buffer.o
 .data          0x0000000000000000        0x0 build//home/oleg/projects/CoreMarkForRISCV_RV64_onQemu/FreeRTOS_RISCV_RV64G/Source/stream_buffer.o
 .bss           0x0000000000000000        0x0 build//home/oleg/projects/CoreMarkForRISCV_RV64_onQemu/FreeRTOS_RISCV_RV64G/Source/stream_buffer.o
 .text.prvWriteBytesToBuffer
                0x0000000000000000       0xf0 build//home/oleg/projects/CoreMarkForRISCV_RV64_onQemu/FreeRTOS_RISCV_RV64G/Source/stream_buffer.o
 .text.prvWriteMessageToBuffer
                0x0000000000000000       0xcc build//home/oleg/projects/CoreMarkForRISCV_RV64_onQemu/FreeRTOS_RISCV_RV64G/Source/stream_buffer.o
 .text.prvReadBytesFromBuffer
                0x0000000000000000       0xf4 build//home/oleg/projects/CoreMarkForRISCV_RV64_onQemu/FreeRTOS_RISCV_RV64G/Source/stream_buffer.o
 .text.prvReadMessageFromBuffer
                0x0000000000000000       0xd8 build//home/oleg/projects/CoreMarkForRISCV_RV64_onQemu/FreeRTOS_RISCV_RV64G/Source/stream_buffer.o
 .text.xStreamBufferGenericCreate
                0x0000000000000000      0x134 build//home/oleg/projects/CoreMarkForRISCV_RV64_onQemu/FreeRTOS_RISCV_RV64G/Source/stream_buffer.o
 .text.vStreamBufferDelete
                0x0000000000000000       0x74 build//home/oleg/projects/CoreMarkForRISCV_RV64_onQemu/FreeRTOS_RISCV_RV64G/Source/stream_buffer.o
 .text.xStreamBufferReset
                0x0000000000000000       0xf4 build//home/oleg/projects/CoreMarkForRISCV_RV64_onQemu/FreeRTOS_RISCV_RV64G/Source/stream_buffer.o
 .text.xStreamBufferSetTriggerLevel
                0x0000000000000000       0x54 build//home/oleg/projects/CoreMarkForRISCV_RV64_onQemu/FreeRTOS_RISCV_RV64G/Source/stream_buffer.o
 .text.xStreamBufferSpacesAvailable
                0x0000000000000000       0x88 build//home/oleg/projects/CoreMarkForRISCV_RV64_onQemu/FreeRTOS_RISCV_RV64G/Source/stream_buffer.o
 .text.xStreamBufferBytesAvailable
                0x0000000000000000       0x68 build//home/oleg/projects/CoreMarkForRISCV_RV64_onQemu/FreeRTOS_RISCV_RV64G/Source/stream_buffer.o
 .text.xStreamBufferSend
                0x0000000000000000      0x25c build//home/oleg/projects/CoreMarkForRISCV_RV64_onQemu/FreeRTOS_RISCV_RV64G/Source/stream_buffer.o
 .text.xStreamBufferSendFromISR
                0x0000000000000000      0x11c build//home/oleg/projects/CoreMarkForRISCV_RV64_onQemu/FreeRTOS_RISCV_RV64G/Source/stream_buffer.o
 .text.xStreamBufferReceive
                0x0000000000000000      0x1ac build//home/oleg/projects/CoreMarkForRISCV_RV64_onQemu/FreeRTOS_RISCV_RV64G/Source/stream_buffer.o
 .text.xStreamBufferNextMessageLengthBytes
                0x0000000000000000       0x94 build//home/oleg/projects/CoreMarkForRISCV_RV64_onQemu/FreeRTOS_RISCV_RV64G/Source/stream_buffer.o
 .text.xStreamBufferReceiveFromISR
                0x0000000000000000       0xe4 build//home/oleg/projects/CoreMarkForRISCV_RV64_onQemu/FreeRTOS_RISCV_RV64G/Source/stream_buffer.o
 .text.xStreamBufferIsEmpty
                0x0000000000000000       0x4c build//home/oleg/projects/CoreMarkForRISCV_RV64_onQemu/FreeRTOS_RISCV_RV64G/Source/stream_buffer.o
 .text.xStreamBufferIsFull
                0x0000000000000000       0x74 build//home/oleg/projects/CoreMarkForRISCV_RV64_onQemu/FreeRTOS_RISCV_RV64G/Source/stream_buffer.o
 .text.xStreamBufferSendCompletedFromISR
                0x0000000000000000       0x6c build//home/oleg/projects/CoreMarkForRISCV_RV64_onQemu/FreeRTOS_RISCV_RV64G/Source/stream_buffer.o
 .text.xStreamBufferReceiveCompletedFromISR
                0x0000000000000000       0x6c build//home/oleg/projects/CoreMarkForRISCV_RV64_onQemu/FreeRTOS_RISCV_RV64G/Source/stream_buffer.o
 .comment       0x0000000000000000       0x1c build//home/oleg/projects/CoreMarkForRISCV_RV64_onQemu/FreeRTOS_RISCV_RV64G/Source/stream_buffer.o
 .riscv.attributes
                0x0000000000000000       0x34 build//home/oleg/projects/CoreMarkForRISCV_RV64_onQemu/FreeRTOS_RISCV_RV64G/Source/stream_buffer.o
 .text          0x0000000000000000        0x0 build//home/oleg/projects/CoreMarkForRISCV_RV64_onQemu/FreeRTOS_RISCV_RV64G/Source/tasks.o
 .data          0x0000000000000000        0x0 build//home/oleg/projects/CoreMarkForRISCV_RV64_onQemu/FreeRTOS_RISCV_RV64G/Source/tasks.o
 .bss           0x0000000000000000        0x0 build//home/oleg/projects/CoreMarkForRISCV_RV64_onQemu/FreeRTOS_RISCV_RV64G/Source/tasks.o
 .text.prvSearchForNameWithinSingleList
                0x0000000000000000       0x7c build//home/oleg/projects/CoreMarkForRISCV_RV64_onQemu/FreeRTOS_RISCV_RV64G/Source/tasks.o
 .text.vTaskDelete
                0x0000000000000000      0x1ec build//home/oleg/projects/CoreMarkForRISCV_RV64_onQemu/FreeRTOS_RISCV_RV64G/Source/tasks.o
 .text.eTaskGetState
                0x0000000000000000       0xdc build//home/oleg/projects/CoreMarkForRISCV_RV64_onQemu/FreeRTOS_RISCV_RV64G/Source/tasks.o
 .text.uxTaskPriorityGet
                0x0000000000000000       0x2c build//home/oleg/projects/CoreMarkForRISCV_RV64_onQemu/FreeRTOS_RISCV_RV64G/Source/tasks.o
 .text.uxTaskPriorityGetFromISR
                0x0000000000000000       0x1c build//home/oleg/projects/CoreMarkForRISCV_RV64_onQemu/FreeRTOS_RISCV_RV64G/Source/tasks.o
 .text.vTaskPrioritySet
                0x0000000000000000      0x1d8 build//home/oleg/projects/CoreMarkForRISCV_RV64_onQemu/FreeRTOS_RISCV_RV64G/Source/tasks.o
 .text.vTaskResume
                0x0000000000000000      0x154 build//home/oleg/projects/CoreMarkForRISCV_RV64_onQemu/FreeRTOS_RISCV_RV64G/Source/tasks.o
 .text.xTaskResumeFromISR
                0x0000000000000000      0x14c build//home/oleg/projects/CoreMarkForRISCV_RV64_onQemu/FreeRTOS_RISCV_RV64G/Source/tasks.o
 .text.vTaskEndScheduler
                0x0000000000000000       0x14 build//home/oleg/projects/CoreMarkForRISCV_RV64_onQemu/FreeRTOS_RISCV_RV64G/Source/tasks.o
 .text.vTaskDelay
                0x0000000000000000       0x74 build//home/oleg/projects/CoreMarkForRISCV_RV64_onQemu/FreeRTOS_RISCV_RV64G/Source/tasks.o
 .text.xTaskGetTickCountFromISR
                0x0000000000000000        0xc build//home/oleg/projects/CoreMarkForRISCV_RV64_onQemu/FreeRTOS_RISCV_RV64G/Source/tasks.o
 .text.uxTaskGetNumberOfTasks
                0x0000000000000000        0xc build//home/oleg/projects/CoreMarkForRISCV_RV64_onQemu/FreeRTOS_RISCV_RV64G/Source/tasks.o
 .text.pcTaskGetName
                0x0000000000000000       0x40 build//home/oleg/projects/CoreMarkForRISCV_RV64_onQemu/FreeRTOS_RISCV_RV64G/Source/tasks.o
 .text.xTaskGetHandle
                0x0000000000000000      0x11c build//home/oleg/projects/CoreMarkForRISCV_RV64_onQemu/FreeRTOS_RISCV_RV64G/Source/tasks.o
 .text.xTaskCatchUpTicks
                0x0000000000000000       0x7c build//home/oleg/projects/CoreMarkForRISCV_RV64_onQemu/FreeRTOS_RISCV_RV64G/Source/tasks.o
 .text.xTaskAbortDelay
                0x0000000000000000      0x154 build//home/oleg/projects/CoreMarkForRISCV_RV64_onQemu/FreeRTOS_RISCV_RV64G/Source/tasks.o
 .text.vTaskSuspend
                0x0000000000000000      0x204 build//home/oleg/projects/CoreMarkForRISCV_RV64_onQemu/FreeRTOS_RISCV_RV64G/Source/tasks.o
 .text.vTaskPlaceOnUnorderedEventList
                0x0000000000000000       0xcc build//home/oleg/projects/CoreMarkForRISCV_RV64_onQemu/FreeRTOS_RISCV_RV64G/Source/tasks.o
 .text.vTaskRemoveFromUnorderedEventList
                0x0000000000000000      0x17c build//home/oleg/projects/CoreMarkForRISCV_RV64_onQemu/FreeRTOS_RISCV_RV64G/Source/tasks.o
 .text.vTaskSetTimeOutState
                0x0000000000000000       0x60 build//home/oleg/projects/CoreMarkForRISCV_RV64_onQemu/FreeRTOS_RISCV_RV64G/Source/tasks.o
 .text.xTaskGetCurrentTaskHandle
                0x0000000000000000        0xc build//home/oleg/projects/CoreMarkForRISCV_RV64_onQemu/FreeRTOS_RISCV_RV64G/Source/tasks.o
 .text.xTaskPriorityInherit
                0x0000000000000000      0x15c build//home/oleg/projects/CoreMarkForRISCV_RV64_onQemu/FreeRTOS_RISCV_RV64G/Source/tasks.o
 .text.xTaskPriorityDisinherit
                0x0000000000000000      0x148 build//home/oleg/projects/CoreMarkForRISCV_RV64_onQemu/FreeRTOS_RISCV_RV64G/Source/tasks.o
 .text.vTaskPriorityDisinheritAfterTimeout
                0x0000000000000000      0x168 build//home/oleg/projects/CoreMarkForRISCV_RV64_onQemu/FreeRTOS_RISCV_RV64G/Source/tasks.o
 .text.uxTaskResetEventItemValue
                0x0000000000000000       0x2c build//home/oleg/projects/CoreMarkForRISCV_RV64_onQemu/FreeRTOS_RISCV_RV64G/Source/tasks.o
 .text.pvTaskIncrementMutexHeldCount
                0x0000000000000000       0x28 build//home/oleg/projects/CoreMarkForRISCV_RV64_onQemu/FreeRTOS_RISCV_RV64G/Source/tasks.o
 .text.ulTaskGenericNotifyTake
                0x0000000000000000      0x12c build//home/oleg/projects/CoreMarkForRISCV_RV64_onQemu/FreeRTOS_RISCV_RV64G/Source/tasks.o
 .text.xTaskGenericNotifyWait
                0x0000000000000000      0x174 build//home/oleg/projects/CoreMarkForRISCV_RV64_onQemu/FreeRTOS_RISCV_RV64G/Source/tasks.o
 .text.xTaskGenericNotify
                0x0000000000000000      0x224 build//home/oleg/projects/CoreMarkForRISCV_RV64_onQemu/FreeRTOS_RISCV_RV64G/Source/tasks.o
 .rodata.xTaskGenericNotify
                0x0000000000000000       0x14 build//home/oleg/projects/CoreMarkForRISCV_RV64_onQemu/FreeRTOS_RISCV_RV64G/Source/tasks.o
 .text.xTaskGenericNotifyFromISR
                0x0000000000000000      0x264 build//home/oleg/projects/CoreMarkForRISCV_RV64_onQemu/FreeRTOS_RISCV_RV64G/Source/tasks.o
 .rodata.xTaskGenericNotifyFromISR
                0x0000000000000000       0x14 build//home/oleg/projects/CoreMarkForRISCV_RV64_onQemu/FreeRTOS_RISCV_RV64G/Source/tasks.o
 .text.vTaskGenericNotifyGiveFromISR
                0x0000000000000000      0x1ac build//home/oleg/projects/CoreMarkForRISCV_RV64_onQemu/FreeRTOS_RISCV_RV64G/Source/tasks.o
 .text.xTaskGenericNotifyStateClear
                0x0000000000000000       0x80 build//home/oleg/projects/CoreMarkForRISCV_RV64_onQemu/FreeRTOS_RISCV_RV64G/Source/tasks.o
 .text.ulTaskGenericNotifyValueClear
                0x0000000000000000       0x48 build//home/oleg/projects/CoreMarkForRISCV_RV64_onQemu/FreeRTOS_RISCV_RV64G/Source/tasks.o
 .text          0x0000000000000000        0x0 build//home/oleg/projects/CoreMarkForRISCV_RV64_onQemu/FreeRTOS_RISCV_RV64G/Source/timers.o
 .data          0x0000000000000000        0x0 build//home/oleg/projects/CoreMarkForRISCV_RV64_onQemu/FreeRTOS_RISCV_RV64G/Source/timers.o
 .bss           0x0000000000000000        0x0 build//home/oleg/projects/CoreMarkForRISCV_RV64_onQemu/FreeRTOS_RISCV_RV64G/Source/timers.o
 .text.xTimerCreate
                0x0000000000000000       0xb8 build//home/oleg/projects/CoreMarkForRISCV_RV64_onQemu/FreeRTOS_RISCV_RV64G/Source/timers.o
 .text.xTimerGenericCommand
                0x0000000000000000      0x118 build//home/oleg/projects/CoreMarkForRISCV_RV64_onQemu/FreeRTOS_RISCV_RV64G/Source/timers.o
 .text.xTimerGetTimerDaemonTaskHandle
                0x0000000000000000       0x48 build//home/oleg/projects/CoreMarkForRISCV_RV64_onQemu/FreeRTOS_RISCV_RV64G/Source/timers.o
 .text.xTimerGetPeriod
                0x0000000000000000       0x34 build//home/oleg/projects/CoreMarkForRISCV_RV64_onQemu/FreeRTOS_RISCV_RV64G/Source/timers.o
 .text.vTimerSetReloadMode
                0x0000000000000000       0x94 build//home/oleg/projects/CoreMarkForRISCV_RV64_onQemu/FreeRTOS_RISCV_RV64G/Source/timers.o
 .text.xTimerGetReloadMode
                0x0000000000000000       0x70 build//home/oleg/projects/CoreMarkForRISCV_RV64_onQemu/FreeRTOS_RISCV_RV64G/Source/timers.o
 .text.uxTimerGetReloadMode
                0x0000000000000000       0x70 build//home/oleg/projects/CoreMarkForRISCV_RV64_onQemu/FreeRTOS_RISCV_RV64G/Source/timers.o
 .text.xTimerGetExpiryTime
                0x0000000000000000       0x34 build//home/oleg/projects/CoreMarkForRISCV_RV64_onQemu/FreeRTOS_RISCV_RV64G/Source/timers.o
 .text.pcTimerGetName
                0x0000000000000000       0x34 build//home/oleg/projects/CoreMarkForRISCV_RV64_onQemu/FreeRTOS_RISCV_RV64G/Source/timers.o
 .text.xTimerIsTimerActive
                0x0000000000000000       0x68 build//home/oleg/projects/CoreMarkForRISCV_RV64_onQemu/FreeRTOS_RISCV_RV64G/Source/timers.o
 .text.pvTimerGetTimerID
                0x0000000000000000       0x60 build//home/oleg/projects/CoreMarkForRISCV_RV64_onQemu/FreeRTOS_RISCV_RV64G/Source/timers.o
 .text.vTimerSetTimerID
                0x0000000000000000       0x68 build//home/oleg/projects/CoreMarkForRISCV_RV64_onQemu/FreeRTOS_RISCV_RV64G/Source/timers.o
 .text.xTimerPendFunctionCallFromISR
                0x0000000000000000       0x54 build//home/oleg/projects/CoreMarkForRISCV_RV64_onQemu/FreeRTOS_RISCV_RV64G/Source/timers.o
 .text.xTimerPendFunctionCall
                0x0000000000000000       0x94 build//home/oleg/projects/CoreMarkForRISCV_RV64_onQemu/FreeRTOS_RISCV_RV64G/Source/timers.o
 .text          0x0000000000000000        0x0 build//home/oleg/projects/CoreMarkForRISCV_RV64_onQemu/FreeRTOS_RISCV_RV64G/Source/portable/MemMang/heap_4.o
 .data          0x0000000000000000        0x0 build//home/oleg/projects/CoreMarkForRISCV_RV64_onQemu/FreeRTOS_RISCV_RV64G/Source/portable/MemMang/heap_4.o
 .bss           0x0000000000000000        0x0 build//home/oleg/projects/CoreMarkForRISCV_RV64_onQemu/FreeRTOS_RISCV_RV64G/Source/portable/MemMang/heap_4.o
 .text.xPortGetFreeHeapSize
                0x0000000000000000        0xc build//home/oleg/projects/CoreMarkForRISCV_RV64_onQemu/FreeRTOS_RISCV_RV64G/Source/portable/MemMang/heap_4.o
 .text.xPortGetMinimumEverFreeHeapSize
                0x0000000000000000        0xc build//home/oleg/projects/CoreMarkForRISCV_RV64_onQemu/FreeRTOS_RISCV_RV64G/Source/portable/MemMang/heap_4.o
 .text.vPortInitialiseBlocks
                0x0000000000000000        0x4 build//home/oleg/projects/CoreMarkForRISCV_RV64_onQemu/FreeRTOS_RISCV_RV64G/Source/portable/MemMang/heap_4.o
 .text.pvPortCalloc
                0x0000000000000000       0x78 build//home/oleg/projects/CoreMarkForRISCV_RV64_onQemu/FreeRTOS_RISCV_RV64G/Source/portable/MemMang/heap_4.o
 .text.vPortGetHeapStats
                0x0000000000000000       0xf4 build//home/oleg/projects/CoreMarkForRISCV_RV64_onQemu/FreeRTOS_RISCV_RV64G/Source/portable/MemMang/heap_4.o
 .text          0x0000000000000000        0x0 build//home/oleg/projects/CoreMarkForRISCV_RV64_onQemu/FreeRTOS_RISCV_RV64G/Source/portable/GCC/RISC-V/port.o
 .data          0x0000000000000000        0x0 build//home/oleg/projects/CoreMarkForRISCV_RV64_onQemu/FreeRTOS_RISCV_RV64G/Source/portable/GCC/RISC-V/port.o
 .bss           0x0000000000000000        0x0 build//home/oleg/projects/CoreMarkForRISCV_RV64_onQemu/FreeRTOS_RISCV_RV64G/Source/portable/GCC/RISC-V/port.o
 .text.vPortEndScheduler
                0x0000000000000000        0x4 build//home/oleg/projects/CoreMarkForRISCV_RV64_onQemu/FreeRTOS_RISCV_RV64G/Source/portable/GCC/RISC-V/port.o
 .srodata.ullMachineTimerCompareRegisterBase
                0x0000000000000000        0x4 build//home/oleg/projects/CoreMarkForRISCV_RV64_onQemu/FreeRTOS_RISCV_RV64G/Source/portable/GCC/RISC-V/port.o
 .text          0x0000000000000000        0x0 build/start.o
 .data          0x0000000000000000        0x0 build/start.o
 .bss           0x0000000000000000        0x0 build/start.o
 .eh_frame      0x0000000000000000       0x30 build/start.o
 .text          0x0000000000000000       0x80 build/vector.o
 .data          0x0000000000000000        0x0 build/vector.o
 .bss           0x0000000000000000        0x0 build/vector.o
 .riscv.attributes
                0x0000000000000000       0x2e build/vector.o
 .data          0x0000000000000000        0x0 build//home/oleg/projects/CoreMarkForRISCV_RV64_onQemu/FreeRTOS_RISCV_RV64G/Source/portable/GCC/RISC-V/portASM.o
 .bss           0x0000000000000000        0x0 build//home/oleg/projects/CoreMarkForRISCV_RV64_onQemu/FreeRTOS_RISCV_RV64G/Source/portable/GCC/RISC-V/portASM.o
 .text.freertos_risc_v_exception_handler
                0x0000000000000000      0x20c build//home/oleg/projects/CoreMarkForRISCV_RV64_onQemu/FreeRTOS_RISCV_RV64G/Source/portable/GCC/RISC-V/portASM.o
 .text.freertos_risc_v_interrupt_handler
                0x0000000000000000      0x154 build//home/oleg/projects/CoreMarkForRISCV_RV64_onQemu/FreeRTOS_RISCV_RV64G/Source/portable/GCC/RISC-V/portASM.o
 .text.freertos_risc_v_mtimer_interrupt_handler
                0x0000000000000000      0x188 build//home/oleg/projects/CoreMarkForRISCV_RV64_onQemu/FreeRTOS_RISCV_RV64G/Source/portable/GCC/RISC-V/portASM.o
 .data          0x0000000000000000        0x0 /opt/riscv/lib/gcc/riscv64-unknown-elf/12.2.0/libgcc.a(_clzsi2.o)
 .bss           0x0000000000000000        0x0 /opt/riscv/lib/gcc/riscv64-unknown-elf/12.2.0/libgcc.a(_clzsi2.o)
 .text          0x0000000000000000        0x0 /opt/riscv/lib/gcc/riscv64-unknown-elf/12.2.0/libgcc.a(_clz.o)
 .data          0x0000000000000000        0x0 /opt/riscv/lib/gcc/riscv64-unknown-elf/12.2.0/libgcc.a(_clz.o)
 .bss           0x0000000000000000        0x0 /opt/riscv/lib/gcc/riscv64-unknown-elf/12.2.0/libgcc.a(_clz.o)
 .text          0x0000000000000000        0x0 /opt/riscv/lib/gcc/riscv64-unknown-elf/12.2.0/../../../../riscv64-unknown-elf/lib/libc.a(lib_a-memcpy.o)
 .data          0x0000000000000000        0x0 /opt/riscv/lib/gcc/riscv64-unknown-elf/12.2.0/../../../../riscv64-unknown-elf/lib/libc.a(lib_a-memcpy.o)
 .bss           0x0000000000000000        0x0 /opt/riscv/lib/gcc/riscv64-unknown-elf/12.2.0/../../../../riscv64-unknown-elf/lib/libc.a(lib_a-memcpy.o)
 .data          0x0000000000000000        0x0 /opt/riscv/lib/gcc/riscv64-unknown-elf/12.2.0/../../../../riscv64-unknown-elf/lib/libc.a(lib_a-memset.o)
 .bss           0x0000000000000000        0x0 /opt/riscv/lib/gcc/riscv64-unknown-elf/12.2.0/../../../../riscv64-unknown-elf/lib/libc.a(lib_a-memset.o)
 .text          0x0000000000000000       0xea /opt/riscv/lib/gcc/riscv64-unknown-elf/12.2.0/../../../../riscv64-unknown-elf/lib/libc.a(lib_a-strcmp.o)
 .data          0x0000000000000000        0x0 /opt/riscv/lib/gcc/riscv64-unknown-elf/12.2.0/../../../../riscv64-unknown-elf/lib/libc.a(lib_a-strcmp.o)
 .bss           0x0000000000000000        0x0 /opt/riscv/lib/gcc/riscv64-unknown-elf/12.2.0/../../../../riscv64-unknown-elf/lib/libc.a(lib_a-strcmp.o)
 .srodata.cst8  0x0000000000000000        0x8 /opt/riscv/lib/gcc/riscv64-unknown-elf/12.2.0/../../../../riscv64-unknown-elf/lib/libc.a(lib_a-strcmp.o)
 .riscv.attributes
                0x0000000000000000       0x33 /opt/riscv/lib/gcc/riscv64-unknown-elf/12.2.0/../../../../riscv64-unknown-elf/lib/libc.a(lib_a-strcmp.o)
 .text          0x0000000000000000        0x0 /opt/riscv/lib/gcc/riscv64-unknown-elf/12.2.0/../../../../riscv64-unknown-elf/lib/libc.a(lib_a-strlen.o)
 .data          0x0000000000000000        0x0 /opt/riscv/lib/gcc/riscv64-unknown-elf/12.2.0/../../../../riscv64-unknown-elf/lib/libc.a(lib_a-strlen.o)
 .bss           0x0000000000000000        0x0 /opt/riscv/lib/gcc/riscv64-unknown-elf/12.2.0/../../../../riscv64-unknown-elf/lib/libc.a(lib_a-strlen.o)

Настройки памяти

Имя           Происхождение Длина         Атрибуты
rom              0x0000000080000000 0x0000000000080000 axr
ram              0x0000000080080000 0x0000000000100000 axw
myram            0x00000000800a0000 0x0000000000025800 axw
*default*        0x0000000000000000 0xffffffffffffffff

Сценарий компоновщика и карта памяти

                0x00000000000001f4                __stack_size = 0x1f4
LOAD build/main.o
LOAD build/riscv-virt.o
LOAD build/ns16550.o
LOAD build/printf-stdarg.o
LOAD build/core_main.o
LOAD build/core_list_join.o
LOAD build/core_matrix.o
LOAD build/core_state.o
LOAD build/core_util.o
LOAD build/core_portme.o
LOAD build//home/oleg/projects/CoreMarkForRISCV_RV64_onQemu/FreeRTOS_RISCV_RV64G/Demo/Common/Minimal/EventGroupsDemo.o
LOAD build//home/oleg/projects/CoreMarkForRISCV_RV64_onQemu/FreeRTOS_RISCV_RV64G/Demo/Common/Minimal/TaskNotify.o
LOAD build//home/oleg/projects/CoreMarkForRISCV_RV64_onQemu/FreeRTOS_RISCV_RV64G/Demo/Common/Minimal/TimerDemo.o
LOAD build//home/oleg/projects/CoreMarkForRISCV_RV64_onQemu/FreeRTOS_RISCV_RV64G/Demo/Common/Minimal/blocktim.o
LOAD build//home/oleg/projects/CoreMarkForRISCV_RV64_onQemu/FreeRTOS_RISCV_RV64G/Demo/Common/Minimal/dynamic.o
LOAD build//home/oleg/projects/CoreMarkForRISCV_RV64_onQemu/FreeRTOS_RISCV_RV64G/Demo/Common/Minimal/recmutex.o
LOAD build//home/oleg/projects/CoreMarkForRISCV_RV64_onQemu/FreeRTOS_RISCV_RV64G/Source/event_groups.o
LOAD build//home/oleg/projects/CoreMarkForRISCV_RV64_onQemu/FreeRTOS_RISCV_RV64G/Source/list.o
LOAD build//home/oleg/projects/CoreMarkForRISCV_RV64_onQemu/FreeRTOS_RISCV_RV64G/Source/queue.o
LOAD build//home/oleg/projects/CoreMarkForRISCV_RV64_onQemu/FreeRTOS_RISCV_RV64G/Source/stream_buffer.o
LOAD build//home/oleg/projects/CoreMarkForRISCV_RV64_onQemu/FreeRTOS_RISCV_RV64G/Source/tasks.o
LOAD build//home/oleg/projects/CoreMarkForRISCV_RV64_onQemu/FreeRTOS_RISCV_RV64G/Source/timers.o
LOAD build//home/oleg/projects/CoreMarkForRISCV_RV64_onQemu/FreeRTOS_RISCV_RV64G/Source/portable/MemMang/heap_4.o
LOAD build//home/oleg/projects/CoreMarkForRISCV_RV64_onQemu/FreeRTOS_RISCV_RV64G/Source/portable/GCC/RISC-V/port.o
LOAD build/start.o
LOAD build/vector.o
LOAD build//home/oleg/projects/CoreMarkForRISCV_RV64_onQemu/FreeRTOS_RISCV_RV64G/Source/portable/GCC/RISC-V/portASM.o
LOAD /opt/riscv/lib/gcc/riscv64-unknown-elf/12.2.0/libgcc.a
START GROUP
LOAD /opt/riscv/lib/gcc/riscv64-unknown-elf/12.2.0/../../../../riscv64-unknown-elf/lib/libc.a
LOAD /opt/riscv/lib/gcc/riscv64-unknown-elf/12.2.0/../../../../riscv64-unknown-elf/lib/libgloss.a
END GROUP
LOAD /opt/riscv/lib/gcc/riscv64-unknown-elf/12.2.0/libgcc.a

.init           0x0000000080000000       0x8c
                0x0000000080000000                _text = .
 *(SORT_NONE(.init))
 .init          0x0000000080000000       0x8c build/start.o
                0x0000000080000000                _start

.text           0x0000000080000100     0x53b0
 *(.text.unlikely .text.unlikely.*)
 *(.text.startup .text.startup.*)
 .text.startup.main
                0x0000000080000100       0x8c build/main.o
                0x0000000080000100                main
 *(.text .text.*)
 .text.vTaskCoreMark
                0x000000008000018c       0x40 build/main.o
                0x000000008000018c                vTaskCoreMark
 .text.vApplicationMallocFailedHook
                0x00000000800001cc        0x8 build/main.o
                0x00000000800001cc                vApplicationMallocFailedHook
 .text.vApplicationStackOverflowHook
                0x00000000800001d4        0x8 build/main.o
                0x00000000800001d4                vApplicationStackOverflowHook
 .text.vApplicationTickHook
                0x00000000800001dc        0x4 build/main.o
                0x00000000800001dc                vApplicationTickHook
 .text.vAssertCalled
                0x00000000800001e0       0x30 build/main.o
                0x00000000800001e0                vAssertCalled
 .text.vSendString
                0x0000000080000210       0x98 build/riscv-virt.o
                0x0000000080000210                vSendString
 .text.vOutNS16550
                0x00000000800002a8       0x1c build/ns16550.o
                0x00000000800002a8                vOutNS16550
 .text.prints   0x00000000800002c4      0x2e8 build/printf-stdarg.o
 .text.printi   0x00000000800005ac      0x160 build/printf-stdarg.o
 .text.tiny_print
                0x000000008000070c      0x2ac build/printf-stdarg.o
 .text.printf   0x00000000800009b8       0x4c build/printf-stdarg.o
                0x00000000800009b8                printf
 .text.iterate  0x0000000080000a04       0x84 build/core_main.o
                0x0000000080000a04                iterate
 .text.coremark_main
                0x0000000080000a88      0x9f0 build/core_main.o
                0x0000000080000a88                coremark_main
 .text.cmp_idx  0x0000000080001478       0x5c build/core_list_join.o
                0x0000000080001478                cmp_idx
 .text.calc_func
                0x00000000800014d4      0x120 build/core_list_join.o
                0x00000000800014d4                calc_func
 .text.cmp_complex
                0x00000000800015f4       0x4c build/core_list_join.o
                0x00000000800015f4                cmp_complex
 .text.core_list_mergesort
                0x0000000080001640      0x150 build/core_list_join.o
                0x0000000080001640                core_list_mergesort
 .text.core_bench_list
                0x0000000080001790      0x2ac build/core_list_join.o
                0x0000000080001790                core_bench_list
 .text.core_list_init
                0x0000000080001a3c      0x230 build/core_list_join.o
                0x0000000080001a3c                core_list_init
 .text.core_init_matrix
                0x0000000080001c6c      0x138 build/core_matrix.o
                0x0000000080001c6c                core_init_matrix
 .text.matrix_mul_vect
                0x0000000080001da4       0x64 build/core_matrix.o
                0x0000000080001da4                matrix_mul_vect
 .text.matrix_mul_matrix
                0x0000000080001e08       0xa4 build/core_matrix.o
                0x0000000080001e08                matrix_mul_matrix
 .text.matrix_mul_matrix_bitextract
                0x0000000080001eac       0xb8 build/core_matrix.o
                0x0000000080001eac                matrix_mul_matrix_bitextract
 .text.matrix_test
                0x0000000080001f64      0x48c build/core_matrix.o
                0x0000000080001f64                matrix_test
 .text.core_bench_matrix
                0x00000000800023f0       0x3c build/core_matrix.o
                0x00000000800023f0                core_bench_matrix
 .text.core_init_state
                0x000000008000242c      0x1a0 build/core_state.o
                0x000000008000242c                core_init_state
 .text.core_state_transition
                0x00000000800025cc      0x2fc build/core_state.o
                0x00000000800025cc                core_state_transition
 .text.core_bench_state
                0x00000000800028c8      0x1b4 build/core_state.o
                0x00000000800028c8                core_bench_state
 .text.get_seed_32
                0x0000000080002a7c       0x68 build/core_util.o
                0x0000000080002a7c                get_seed_32
 .text.crcu16   0x0000000080002ae4       0x84 build/core_util.o
                0x0000000080002ae4                crcu16
 .text.crcu32   0x0000000080002b68      0x10c build/core_util.o
                0x0000000080002b68                crcu32
 .text.crc16    0x0000000080002c74       0x8c build/core_util.o
                0x0000000080002c74                crc16
 .text.check_data_types
                0x0000000080002d00        0x8 build/core_util.o
                0x0000000080002d00                check_data_types
 .text.start_time
                0x0000000080002d08       0x10 build/core_portme.o
                0x0000000080002d08                start_time
 .text.stop_time
                0x0000000080002d18       0x10 build/core_portme.o
                0x0000000080002d18                stop_time
 .text.get_time
                0x0000000080002d28       0x18 build/core_portme.o
                0x0000000080002d28                get_time
 .text.time_in_secs
                0x0000000080002d40        0xc build/core_portme.o
                0x0000000080002d40                time_in_secs
 .text.portable_init
                0x0000000080002d4c        0xc build/core_portme.o
                0x0000000080002d4c                portable_init
 .text.portable_fini
                0x0000000080002d58        0x8 build/core_portme.o
                0x0000000080002d58                portable_fini
 .text.vListInitialise
                0x0000000080002d60       0x20 build//home/oleg/projects/CoreMarkForRISCV_RV64_onQemu/FreeRTOS_RISCV_RV64G/Source/list.o
                0x0000000080002d60                vListInitialise
 .text.vListInitialiseItem
                0x0000000080002d80        0x8 build//home/oleg/projects/CoreMarkForRISCV_RV64_onQemu/FreeRTOS_RISCV_RV64G/Source/list.o
                0x0000000080002d80                vListInitialiseItem
 .text.vListInsert
                0x0000000080002d88       0x50 build//home/oleg/projects/CoreMarkForRISCV_RV64_onQemu/FreeRTOS_RISCV_RV64G/Source/list.o
                0x0000000080002d88                vListInsert
 .text.uxListRemove
                0x0000000080002dd8       0x50 build//home/oleg/projects/CoreMarkForRISCV_RV64_onQemu/FreeRTOS_RISCV_RV64G/Source/list.o
                0x0000000080002dd8                uxListRemove
 .text.prvUnlockQueue
                0x0000000080002e28      0x148 build//home/oleg/projects/CoreMarkForRISCV_RV64_onQemu/FreeRTOS_RISCV_RV64G/Source/queue.o
 .text.xQueueGenericReset
                0x0000000080002f70      0x108 build//home/oleg/projects/CoreMarkForRISCV_RV64_onQemu/FreeRTOS_RISCV_RV64G/Source/queue.o
                0x0000000080002f70                xQueueGenericReset
 .text.xQueueGenericCreate
                0x0000000080003078       0xc4 build//home/oleg/projects/CoreMarkForRISCV_RV64_onQemu/FreeRTOS_RISCV_RV64G/Source/queue.o
                0x0000000080003078                xQueueGenericCreate
 .text.xQueueReceive
                0x000000008000313c      0x268 build//home/oleg/projects/CoreMarkForRISCV_RV64_onQemu/FreeRTOS_RISCV_RV64G/Source/queue.o
                0x000000008000313c                xQueueReceive
 .text.vQueueAddToRegistry
                0x00000000800033a4       0x9c build//home/oleg/projects/CoreMarkForRISCV_RV64_onQemu/FreeRTOS_RISCV_RV64G/Source/queue.o
                0x00000000800033a4                vQueueAddToRegistry
 .text.vQueueWaitForMessageRestricted
                0x0000000080003440       0x90 build//home/oleg/projects/CoreMarkForRISCV_RV64_onQemu/FreeRTOS_RISCV_RV64G/Source/queue.o
                0x0000000080003440                vQueueWaitForMessageRestricted
 .text.prvAddCurrentTaskToDelayedList
                0x00000000800034d0      0x164 build//home/oleg/projects/CoreMarkForRISCV_RV64_onQemu/FreeRTOS_RISCV_RV64G/Source/tasks.o
 .text.prvIdleTask
                0x0000000080003634       0xac build//home/oleg/projects/CoreMarkForRISCV_RV64_onQemu/FreeRTOS_RISCV_RV64G/Source/tasks.o
 .text.xTaskIncrementTick.part.0
                0x00000000800036e0      0x270 build//home/oleg/projects/CoreMarkForRISCV_RV64_onQemu/FreeRTOS_RISCV_RV64G/Source/tasks.o
 .text.xTaskCreate
                0x0000000080003950      0x334 build//home/oleg/projects/CoreMarkForRISCV_RV64_onQemu/FreeRTOS_RISCV_RV64G/Source/tasks.o
                0x0000000080003950                xTaskCreate
 .text.vTaskStartScheduler
                0x0000000080003c84       0xa8 build//home/oleg/projects/CoreMarkForRISCV_RV64_onQemu/FreeRTOS_RISCV_RV64G/Source/tasks.o
                0x0000000080003c84                vTaskStartScheduler
 .text.vTaskSuspendAll
                0x0000000080003d2c       0x18 build//home/oleg/projects/CoreMarkForRISCV_RV64_onQemu/FreeRTOS_RISCV_RV64G/Source/tasks.o
                0x0000000080003d2c                vTaskSuspendAll
 .text.xTaskResumeAll
                0x0000000080003d44      0x268 build//home/oleg/projects/CoreMarkForRISCV_RV64_onQemu/FreeRTOS_RISCV_RV64G/Source/tasks.o
                0x0000000080003d44                xTaskResumeAll
 .text.xTaskDelayUntil
                0x0000000080003fac       0xcc build//home/oleg/projects/CoreMarkForRISCV_RV64_onQemu/FreeRTOS_RISCV_RV64G/Source/tasks.o
                0x0000000080003fac                xTaskDelayUntil
 .text.xTaskGetTickCount
                0x0000000080004078        0xc build//home/oleg/projects/CoreMarkForRISCV_RV64_onQemu/FreeRTOS_RISCV_RV64G/Source/tasks.o
                0x0000000080004078                xTaskGetTickCount
 .text.xTaskIncrementTick
                0x0000000080004084       0x40 build//home/oleg/projects/CoreMarkForRISCV_RV64_onQemu/FreeRTOS_RISCV_RV64G/Source/tasks.o
                0x0000000080004084                xTaskIncrementTick
 .text.vTaskSwitchContext
                0x00000000800040c4      0x124 build//home/oleg/projects/CoreMarkForRISCV_RV64_onQemu/FreeRTOS_RISCV_RV64G/Source/tasks.o
                0x00000000800040c4                vTaskSwitchContext
 .text.vTaskPlaceOnEventList
                0x00000000800041e8       0x4c build//home/oleg/projects/CoreMarkForRISCV_RV64_onQemu/FreeRTOS_RISCV_RV64G/Source/tasks.o
                0x00000000800041e8                vTaskPlaceOnEventList
 .text.vTaskPlaceOnEventListRestricted
                0x0000000080004234       0x98 build//home/oleg/projects/CoreMarkForRISCV_RV64_onQemu/FreeRTOS_RISCV_RV64G/Source/tasks.o
                0x0000000080004234                vTaskPlaceOnEventListRestricted
 .text.xTaskRemoveFromEventList
                0x00000000800042cc      0x160 build//home/oleg/projects/CoreMarkForRISCV_RV64_onQemu/FreeRTOS_RISCV_RV64G/Source/tasks.o
                0x00000000800042cc                xTaskRemoveFromEventList
 .text.vTaskInternalSetTimeOutState
                0x000000008000442c       0x1c build//home/oleg/projects/CoreMarkForRISCV_RV64_onQemu/FreeRTOS_RISCV_RV64G/Source/tasks.o
                0x000000008000442c                vTaskInternalSetTimeOutState
 .text.xTaskCheckForTimeOut
                0x0000000080004448      0x108 build//home/oleg/projects/CoreMarkForRISCV_RV64_onQemu/FreeRTOS_RISCV_RV64G/Source/tasks.o
                0x0000000080004448                xTaskCheckForTimeOut
 .text.vTaskMissedYield
                0x0000000080004550       0x10 build//home/oleg/projects/CoreMarkForRISCV_RV64_onQemu/FreeRTOS_RISCV_RV64G/Source/tasks.o
                0x0000000080004550                vTaskMissedYield
 .text.xTaskGetSchedulerState
                0x0000000080004560       0x24 build//home/oleg/projects/CoreMarkForRISCV_RV64_onQemu/FreeRTOS_RISCV_RV64G/Source/tasks.o
                0x0000000080004560                xTaskGetSchedulerState
 .text.prvCheckForValidListAndQueue
                0x0000000080004584       0xc0 build//home/oleg/projects/CoreMarkForRISCV_RV64_onQemu/FreeRTOS_RISCV_RV64G/Source/timers.o
 .text.prvProcessExpiredTimer
                0x0000000080004644       0xdc build//home/oleg/projects/CoreMarkForRISCV_RV64_onQemu/FreeRTOS_RISCV_RV64G/Source/timers.o
 .text.prvTimerTask
                0x0000000080004720      0x308 build//home/oleg/projects/CoreMarkForRISCV_RV64_onQemu/FreeRTOS_RISCV_RV64G/Source/timers.o
 .text.xTimerCreateTimerTask
                0x0000000080004a28       0x58 build//home/oleg/projects/CoreMarkForRISCV_RV64_onQemu/FreeRTOS_RISCV_RV64G/Source/timers.o
                0x0000000080004a28                xTimerCreateTimerTask
 .text.prvInsertBlockIntoFreeList
                0x0000000080004a80       0x74 build//home/oleg/projects/CoreMarkForRISCV_RV64_onQemu/FreeRTOS_RISCV_RV64G/Source/portable/MemMang/heap_4.o
 .text.pvPortMalloc
                0x0000000080004af4      0x1e4 build//home/oleg/projects/CoreMarkForRISCV_RV64_onQemu/FreeRTOS_RISCV_RV64G/Source/portable/MemMang/heap_4.o
                0x0000000080004af4                pvPortMalloc
 .text.vPortFree
                0x0000000080004cd8       0xb8 build//home/oleg/projects/CoreMarkForRISCV_RV64_onQemu/FreeRTOS_RISCV_RV64G/Source/portable/MemMang/heap_4.o
                0x0000000080004cd8                vPortFree
 .text.vPortSetupTimerInterrupt
                0x0000000080004d90       0x78 build//home/oleg/projects/CoreMarkForRISCV_RV64_onQemu/FreeRTOS_RISCV_RV64G/Source/portable/GCC/RISC-V/port.o
                0x0000000080004d90                vPortSetupTimerInterrupt
 .text.xPortStartScheduler
                0x0000000080004e08       0x40 build//home/oleg/projects/CoreMarkForRISCV_RV64_onQemu/FreeRTOS_RISCV_RV64G/Source/portable/GCC/RISC-V/port.o
                0x0000000080004e08                xPortStartScheduler
 .text          0x0000000080004e48      0x120 build//home/oleg/projects/CoreMarkForRISCV_RV64_onQemu/FreeRTOS_RISCV_RV64G/Source/portable/GCC/RISC-V/portASM.o
                0x0000000080004e48                pxPortInitialiseStack
                0x0000000080004ea8                xPortStartFirstTask
                0x0000000080004f48                freertos_risc_v_application_exception_handler
                0x0000000080004f58                freertos_risc_v_application_interrupt_handler
 *fill*         0x0000000080004f68       0x98 
 .text.freertos_risc_v_trap_handler
                0x0000000080005000      0x1f0 build//home/oleg/projects/CoreMarkForRISCV_RV64_onQemu/FreeRTOS_RISCV_RV64G/Source/portable/GCC/RISC-V/portASM.o
                0x0000000080005000                freertos_risc_v_trap_handler
 .text          0x00000000800051f0       0x3c /opt/riscv/lib/gcc/riscv64-unknown-elf/12.2.0/libgcc.a(_clzsi2.o)
                0x00000000800051f0                __clzdi2
 .text.memcpy   0x000000008000522c      0x146 /opt/riscv/lib/gcc/riscv64-unknown-elf/12.2.0/../../../../riscv64-unknown-elf/lib/libc.a(lib_a-memcpy.o)
                0x000000008000522c                memcpy
 .text          0x0000000080005372       0xaa /opt/riscv/lib/gcc/riscv64-unknown-elf/12.2.0/../../../../riscv64-unknown-elf/lib/libc.a(lib_a-memset.o)
                0x0000000080005372                memset
 .text.strlen   0x000000008000541c       0x94 /opt/riscv/lib/gcc/riscv64-unknown-elf/12.2.0/../../../../riscv64-unknown-elf/lib/libc.a(lib_a-strlen.o)
                0x000000008000541c                strlen
 *(.gnu.linkonce.t.*)

.fini           0x00000000800054b0        0x0
 *(SORT_NONE(.fini))
                0x00000000800054b0                _etext = .

.rodata.align   0x00000000800054b0        0x0
                0x00000000800054b0                . = ALIGN (0x8)
 *fill*         0x00000000800054b0        0x0 
                0x00000000800054b0                _rodata = .

.rodata.start   0x00000000800054b0        0x0
                0x00000000800054b0                _rodata_lma = LOADADDR (.rodata.start)

.rodata         0x00000000800054b0      0x838
 *(.rdata)
 *(.rodata .rodata.*)
 .rodata.vTaskCoreMark.str1.8
                0x00000000800054b0        0xf build/main.o
 *fill*         0x00000000800054bf        0x1 
 .rodata.main.str1.8
                0x00000000800054c0       0x81 build/main.o
 *fill*         0x0000000080005541        0x7 
 .rodata.tiny_print.str1.8
                0x0000000080005548        0x7 build/printf-stdarg.o
 *fill*         0x000000008000554f        0x1 
 .rodata.tiny_print
                0x0000000080005550       0x84 build/printf-stdarg.o
 *fill*         0x00000000800055d4        0x4 
 .rodata.coremark_main.str1.8
                0x00000000800055d8      0x421 build/core_main.o
 *fill*         0x00000000800059f9        0x7 
 .rodata.state_known_crc
                0x0000000080005a00        0xa build/core_main.o
 *fill*         0x0000000080005a0a        0x6 
 .rodata.matrix_known_crc
                0x0000000080005a10        0xa build/core_main.o
 *fill*         0x0000000080005a1a        0x6 
 .rodata.list_known_crc
                0x0000000080005a20        0xa build/core_main.o
 *fill*         0x0000000080005a2a        0x6 
 .rodata.str1.8
                0x0000000080005a30       0xdd build/core_state.o
 *fill*         0x0000000080005b0d        0x3 
 .rodata.errpat
                0x0000000080005b10       0x20 build/core_state.o
 .rodata.scipat
                0x0000000080005b30       0x20 build/core_state.o
 .rodata.floatpat
                0x0000000080005b50       0x20 build/core_state.o
 .rodata.intpat
                0x0000000080005b70       0x20 build/core_state.o
 .rodata.get_seed_32
                0x0000000080005b90       0x18 build/core_util.o
 .rodata.vTaskStartScheduler.str1.8
                0x0000000080005ba8        0x5 build//home/oleg/projects/CoreMarkForRISCV_RV64_onQemu/FreeRTOS_RISCV_RV64G/Source/tasks.o
 *fill*         0x0000000080005bad        0x3 
 .rodata.prvCheckForValidListAndQueue.str1.8
                0x0000000080005bb0        0x5 build//home/oleg/projects/CoreMarkForRISCV_RV64_onQemu/FreeRTOS_RISCV_RV64G/Source/timers.o
 *fill*         0x0000000080005bb5        0x3 
 .rodata.prvTimerTask
                0x0000000080005bb8       0x28 build//home/oleg/projects/CoreMarkForRISCV_RV64_onQemu/FreeRTOS_RISCV_RV64G/Source/timers.o
 .rodata.xTimerCreateTimerTask.str1.8
                0x0000000080005be0        0x8 build//home/oleg/projects/CoreMarkForRISCV_RV64_onQemu/FreeRTOS_RISCV_RV64G/Source/timers.o
 .rodata        0x0000000080005be8      0x100 /opt/riscv/lib/gcc/riscv64-unknown-elf/12.2.0/libgcc.a(_clz.o)
                0x0000000080005be8                __clz_tab
 *(.gnu.linkonce.r.*)
                0x0000000080005ce8                . = ALIGN (0x8)
                0x0000000080005ce8                _erodata = .

.rela.dyn       0x0000000080005ce8        0x0
 .rela.init     0x0000000080005ce8        0x0 build/main.o

.data.align     0x0000000080080000        0x0 адрес загрузки 0x0000000080005ce8
                0x0000000080080000                . = ALIGN (0x8)
                0x0000000080080000                _data = .

.data.start     0x0000000080080000        0x0 адрес загрузки 0x0000000080005ce8
                0x0000000080005ce8                _data_lma = LOADADDR (.data.start)

.data           0x0000000080080000       0x50 адрес загрузки 0x0000000080005ce8
 *(.data .data.*)
 *(.gnu.linkonce.d.*)
                0x0000000080080000                . = ALIGN (0x8)
                0x0000000080100000                PROVIDE (__global_pointer$ = (. + 0x80000))
 *(.sdata .sdata.*)
 .sdata.dev     0x0000000080080000        0x8 build/printf-stdarg.o
 .sdata.default_num_contexts
                0x0000000080080008        0x4 build/core_portme.o
                0x0000000080080008                default_num_contexts
 .sdata.seed4_volatile
                0x000000008008000c        0x4 build/core_portme.o
                0x000000008008000c                seed4_volatile
 .sdata.seed3_volatile
                0x0000000080080010        0x4 build/core_portme.o
                0x0000000080080010                seed3_volatile
 *fill*         0x0000000080080014        0x4 
 .sdata.uxTopUsedPriority
                0x0000000080080018        0x8 build//home/oleg/projects/CoreMarkForRISCV_RV64_onQemu/FreeRTOS_RISCV_RV64G/Source/tasks.o
                0x0000000080080018                uxTopUsedPriority
 .sdata.pxCriticalNesting
                0x0000000080080020        0x8 build//home/oleg/projects/CoreMarkForRISCV_RV64_onQemu/FreeRTOS_RISCV_RV64G/Source/portable/GCC/RISC-V/port.o
                0x0000000080080020                pxCriticalNesting
 .sdata.xCriticalNesting
                0x0000000080080028        0x8 build//home/oleg/projects/CoreMarkForRISCV_RV64_onQemu/FreeRTOS_RISCV_RV64G/Source/portable/GCC/RISC-V/port.o
                0x0000000080080028                xCriticalNesting
 .sdata.pullNextTime
                0x0000000080080030        0x8 build//home/oleg/projects/CoreMarkForRISCV_RV64_onQemu/FreeRTOS_RISCV_RV64G/Source/portable/GCC/RISC-V/port.o
                0x0000000080080030                pullNextTime
 *(.sdata2 .sdata2.*)
 *(.gnu.linkonce.s.*)
                0x0000000080080038                . = ALIGN (0x8)
 *(.srodata.cst16)
 *(.srodata.cst8)
 .srodata.cst8  0x0000000080080038        0x8 /opt/riscv/lib/gcc/riscv64-unknown-elf/12.2.0/../../../../riscv64-unknown-elf/lib/libc.a(lib_a-strlen.o)
 *(.srodata.cst4)
 *(.srodata.cst2)
 *(.srodata .srodata.*)
 .srodata.uxTimerIncrementsForOneTick
                0x0000000080080040        0x8 build//home/oleg/projects/CoreMarkForRISCV_RV64_onQemu/FreeRTOS_RISCV_RV64G/Source/portable/GCC/RISC-V/port.o
                0x0000000080080040                uxTimerIncrementsForOneTick
 .srodata.xISRStackTop
                0x0000000080080048        0x8 build//home/oleg/projects/CoreMarkForRISCV_RV64_onQemu/FreeRTOS_RISCV_RV64G/Source/portable/GCC/RISC-V/port.o
                0x0000000080080048                xISRStackTop
                0x0000000080080050                . = ALIGN (0x8)
                0x0000000080080050                _edata = .

.bss.align      0x0000000080080050        0x0 адрес загрузки 0x0000000080005d38
                0x0000000080080050                . = ALIGN (0x8)
                0x0000000080080050                _bss = .

.bss.start      0x0000000080080050        0x0 адрес загрузки 0x0000000080005d38
                0x0000000080005d38                _bss_lma = LOADADDR (.bss.start)

.bss            0x0000000080080050    0x13fc0 адрес загрузки 0x0000000080005d38
 *(.sbss*)
 .sbss.stop_time_val
                0x0000000080080050        0x8 build/core_portme.o
 .sbss.start_time_val
                0x0000000080080058        0x8 build/core_portme.o
 .sbss.seed5_volatile
                0x0000000080080060        0x4 build/core_portme.o
                0x0000000080080060                seed5_volatile
 .sbss.seed2_volatile
                0x0000000080080064        0x4 build/core_portme.o
                0x0000000080080064                seed2_volatile
 .sbss.seed1_volatile
                0x0000000080080068        0x4 build/core_portme.o
                0x0000000080080068                seed1_volatile
 *fill*         0x000000008008006c        0x4 
 .sbss.uxSchedulerSuspended
                0x0000000080080070        0x8 build//home/oleg/projects/CoreMarkForRISCV_RV64_onQemu/FreeRTOS_RISCV_RV64G/Source/tasks.o
 .sbss.xIdleTaskHandle
                0x0000000080080078        0x8 build//home/oleg/projects/CoreMarkForRISCV_RV64_onQemu/FreeRTOS_RISCV_RV64G/Source/tasks.o
 .sbss.xNextTaskUnblockTime
                0x0000000080080080        0x8 build//home/oleg/projects/CoreMarkForRISCV_RV64_onQemu/FreeRTOS_RISCV_RV64G/Source/tasks.o
 .sbss.uxTaskNumber
                0x0000000080080088        0x8 build//home/oleg/projects/CoreMarkForRISCV_RV64_onQemu/FreeRTOS_RISCV_RV64G/Source/tasks.o
 .sbss.xNumOfOverflows
                0x0000000080080090        0x8 build//home/oleg/projects/CoreMarkForRISCV_RV64_onQemu/FreeRTOS_RISCV_RV64G/Source/tasks.o
 .sbss.xYieldPending
                0x0000000080080098        0x8 build//home/oleg/projects/CoreMarkForRISCV_RV64_onQemu/FreeRTOS_RISCV_RV64G/Source/tasks.o
 .sbss.xPendedTicks
                0x00000000800800a0        0x8 build//home/oleg/projects/CoreMarkForRISCV_RV64_onQemu/FreeRTOS_RISCV_RV64G/Source/tasks.o
 .sbss.xSchedulerRunning
                0x00000000800800a8        0x8 build//home/oleg/projects/CoreMarkForRISCV_RV64_onQemu/FreeRTOS_RISCV_RV64G/Source/tasks.o
 .sbss.uxTopReadyPriority
                0x00000000800800b0        0x8 build//home/oleg/projects/CoreMarkForRISCV_RV64_onQemu/FreeRTOS_RISCV_RV64G/Source/tasks.o
 .sbss.xTickCount
                0x00000000800800b8        0x8 build//home/oleg/projects/CoreMarkForRISCV_RV64_onQemu/FreeRTOS_RISCV_RV64G/Source/tasks.o
 .sbss.uxCurrentNumberOfTasks
                0x00000000800800c0        0x8 build//home/oleg/projects/CoreMarkForRISCV_RV64_onQemu/FreeRTOS_RISCV_RV64G/Source/tasks.o
 .sbss.uxDeletedTasksWaitingCleanUp
                0x00000000800800c8        0x8 build//home/oleg/projects/CoreMarkForRISCV_RV64_onQemu/FreeRTOS_RISCV_RV64G/Source/tasks.o
 .sbss.pxOverflowDelayedTaskList
                0x00000000800800d0        0x8 build//home/oleg/projects/CoreMarkForRISCV_RV64_onQemu/FreeRTOS_RISCV_RV64G/Source/tasks.o
 .sbss.pxDelayedTaskList
                0x00000000800800d8        0x8 build//home/oleg/projects/CoreMarkForRISCV_RV64_onQemu/FreeRTOS_RISCV_RV64G/Source/tasks.o
 .sbss.pxCurrentTCB
                0x00000000800800e0        0x8 build//home/oleg/projects/CoreMarkForRISCV_RV64_onQemu/FreeRTOS_RISCV_RV64G/Source/tasks.o
                0x00000000800800e0                pxCurrentTCB
 .sbss.xLastTime.0
                0x00000000800800e8        0x8 build//home/oleg/projects/CoreMarkForRISCV_RV64_onQemu/FreeRTOS_RISCV_RV64G/Source/timers.o
 .sbss.xTimerTaskHandle
                0x00000000800800f0        0x8 build//home/oleg/projects/CoreMarkForRISCV_RV64_onQemu/FreeRTOS_RISCV_RV64G/Source/timers.o
 .sbss.xTimerQueue
                0x00000000800800f8        0x8 build//home/oleg/projects/CoreMarkForRISCV_RV64_onQemu/FreeRTOS_RISCV_RV64G/Source/timers.o
 .sbss.pxOverflowTimerList
                0x0000000080080100        0x8 build//home/oleg/projects/CoreMarkForRISCV_RV64_onQemu/FreeRTOS_RISCV_RV64G/Source/timers.o
 .sbss.pxCurrentTimerList
                0x0000000080080108        0x8 build//home/oleg/projects/CoreMarkForRISCV_RV64_onQemu/FreeRTOS_RISCV_RV64G/Source/timers.o
 .sbss.xNumberOfSuccessfulFrees
                0x0000000080080110        0x8 build//home/oleg/projects/CoreMarkForRISCV_RV64_onQemu/FreeRTOS_RISCV_RV64G/Source/portable/MemMang/heap_4.o
 .sbss.xNumberOfSuccessfulAllocations
                0x0000000080080118        0x8 build//home/oleg/projects/CoreMarkForRISCV_RV64_onQemu/FreeRTOS_RISCV_RV64G/Source/portable/MemMang/heap_4.o
 .sbss.xMinimumEverFreeBytesRemaining
                0x0000000080080120        0x8 build//home/oleg/projects/CoreMarkForRISCV_RV64_onQemu/FreeRTOS_RISCV_RV64G/Source/portable/MemMang/heap_4.o
 .sbss.xFreeBytesRemaining
                0x0000000080080128        0x8 build//home/oleg/projects/CoreMarkForRISCV_RV64_onQemu/FreeRTOS_RISCV_RV64G/Source/portable/MemMang/heap_4.o
 .sbss.pxEnd    0x0000000080080130        0x8 build//home/oleg/projects/CoreMarkForRISCV_RV64_onQemu/FreeRTOS_RISCV_RV64G/Source/portable/MemMang/heap_4.o
 .sbss.xTaskReturnAddress
                0x0000000080080138        0x8 build//home/oleg/projects/CoreMarkForRISCV_RV64_onQemu/FreeRTOS_RISCV_RV64G/Source/portable/GCC/RISC-V/port.o
                0x0000000080080138                xTaskReturnAddress
 .sbss.pullMachineTimerCompareRegister
                0x0000000080080140        0x8 build//home/oleg/projects/CoreMarkForRISCV_RV64_onQemu/FreeRTOS_RISCV_RV64G/Source/portable/GCC/RISC-V/port.o
                0x0000000080080140                pullMachineTimerCompareRegister
 .sbss.ullNextTime
                0x0000000080080148        0x8 build//home/oleg/projects/CoreMarkForRISCV_RV64_onQemu/FreeRTOS_RISCV_RV64G/Source/portable/GCC/RISC-V/port.o
                0x0000000080080148                ullNextTime
 *(.gnu.linkonce.sb.*)
 *(.bss .bss.*)
 .bss.xQueueRegistry
                0x0000000080080150       0x80 build//home/oleg/projects/CoreMarkForRISCV_RV64_onQemu/FreeRTOS_RISCV_RV64G/Source/queue.o
                0x0000000080080150                xQueueRegistry
 .bss.xSuspendedTaskList
                0x00000000800801d0       0x28 build//home/oleg/projects/CoreMarkForRISCV_RV64_onQemu/FreeRTOS_RISCV_RV64G/Source/tasks.o
 .bss.xTasksWaitingTermination
                0x00000000800801f8       0x28 build//home/oleg/projects/CoreMarkForRISCV_RV64_onQemu/FreeRTOS_RISCV_RV64G/Source/tasks.o
 .bss.xPendingReadyList
                0x0000000080080220       0x28 build//home/oleg/projects/CoreMarkForRISCV_RV64_onQemu/FreeRTOS_RISCV_RV64G/Source/tasks.o
 .bss.xDelayedTaskList2
                0x0000000080080248       0x28 build//home/oleg/projects/CoreMarkForRISCV_RV64_onQemu/FreeRTOS_RISCV_RV64G/Source/tasks.o
 .bss.xDelayedTaskList1
                0x0000000080080270       0x28 build//home/oleg/projects/CoreMarkForRISCV_RV64_onQemu/FreeRTOS_RISCV_RV64G/Source/tasks.o
 .bss.pxReadyTasksLists
                0x0000000080080298      0x118 build//home/oleg/projects/CoreMarkForRISCV_RV64_onQemu/FreeRTOS_RISCV_RV64G/Source/tasks.o
 .bss.xActiveTimerList2
                0x00000000800803b0       0x28 build//home/oleg/projects/CoreMarkForRISCV_RV64_onQemu/FreeRTOS_RISCV_RV64G/Source/timers.o
 .bss.xActiveTimerList1
                0x00000000800803d8       0x28 build//home/oleg/projects/CoreMarkForRISCV_RV64_onQemu/FreeRTOS_RISCV_RV64G/Source/timers.o
 .bss.xStart    0x0000000080080400       0x10 build//home/oleg/projects/CoreMarkForRISCV_RV64_onQemu/FreeRTOS_RISCV_RV64G/Source/portable/MemMang/heap_4.o
 .bss.ucHeap    0x0000000080080410     0xfbf4 build//home/oleg/projects/CoreMarkForRISCV_RV64_onQemu/FreeRTOS_RISCV_RV64G/Source/portable/MemMang/heap_4.o
 *fill*         0x0000000080090004        0xc 
 .bss.xISRStack
                0x0000000080090010     0x4000 build//home/oleg/projects/CoreMarkForRISCV_RV64_onQemu/FreeRTOS_RISCV_RV64G/Source/portable/GCC/RISC-V/port.o
 *(.gnu.linkonce.b.*)
 *(COMMON)
                0x0000000080094010                . = ALIGN (0x8)
                0x0000000080094010                _ebss = .
                0x0000000080094010                . = ALIGN (0x10)
                0x00000000800a0000                . = 0x800a0000
                0x00000000800a0000                . = ALIGN (0x8)
                0x00000000800a0000                _end = .

.stack          0x0000000080094010      0x1f4
                0x0000000080094010                . = ALIGN (0x10)
                0x0000000080094204                . = (. + __stack_size)
 *fill*         0x0000000080094010      0x1f4 
                0x0000000080094204                _stack_top = .
OUTPUT(build/RTOSDemo.elf elf64-littleriscv)

.comment        0x0000000000000000       0x2d
 .comment       0x0000000000000000       0x1b build/main.o
                                         0x1c (размер перед ослаблением)
 .comment       0x000000000000001b       0x1c build/riscv-virt.o
 .comment       0x000000000000001b       0x1c build/ns16550.o
 .comment       0x000000000000001b       0x1c build/printf-stdarg.o
 .comment       0x000000000000001b       0x1c build/core_main.o
 .comment       0x000000000000001b       0x1c build/core_list_join.o
 .comment       0x000000000000001b       0x1c build/core_matrix.o
 .comment       0x000000000000001b       0x1c build/core_state.o
 .comment       0x000000000000001b       0x1c build/core_util.o
 .comment       0x000000000000001b       0x1c build/core_portme.o
 .comment       0x000000000000001b       0x1c build//home/oleg/projects/CoreMarkForRISCV_RV64_onQemu/FreeRTOS_RISCV_RV64G/Source/list.o
 .comment       0x000000000000001b       0x1c build//home/oleg/projects/CoreMarkForRISCV_RV64_onQemu/FreeRTOS_RISCV_RV64G/Source/queue.o
 .comment       0x000000000000001b       0x1c build//home/oleg/projects/CoreMarkForRISCV_RV64_onQemu/FreeRTOS_RISCV_RV64G/Source/tasks.o
 .comment       0x000000000000001b       0x1c build//home/oleg/projects/CoreMarkForRISCV_RV64_onQemu/FreeRTOS_RISCV_RV64G/Source/timers.o
 .comment       0x000000000000001b       0x1c build//home/oleg/projects/CoreMarkForRISCV_RV64_onQemu/FreeRTOS_RISCV_RV64G/Source/portable/MemMang/heap_4.o
 .comment       0x000000000000001b       0x1c build//home/oleg/projects/CoreMarkForRISCV_RV64_onQemu/FreeRTOS_RISCV_RV64G/Source/portable/GCC/RISC-V/port.o
 .comment       0x000000000000001b       0x1c /opt/riscv/lib/gcc/riscv64-unknown-elf/12.2.0/libgcc.a(_clzsi2.o)
 .comment       0x000000000000001b       0x1c /opt/riscv/lib/gcc/riscv64-unknown-elf/12.2.0/libgcc.a(_clz.o)
 .comment       0x000000000000001b       0x12 /opt/riscv/lib/gcc/riscv64-unknown-elf/12.2.0/../../../../riscv64-unknown-elf/lib/libc.a(lib_a-memcpy.o)
                                         0x13 (размер перед ослаблением)
 .comment       0x000000000000002d       0x13 /opt/riscv/lib/gcc/riscv64-unknown-elf/12.2.0/../../../../riscv64-unknown-elf/lib/libc.a(lib_a-strlen.o)

.riscv.attributes
                0x0000000000000000       0x39
 .riscv.attributes
                0x0000000000000000       0x34 build/main.o
 .riscv.attributes
                0x0000000000000034       0x34 build/riscv-virt.o
 .riscv.attributes
                0x0000000000000068       0x30 build/ns16550.o
 .riscv.attributes
                0x0000000000000098       0x30 build/printf-stdarg.o
 .riscv.attributes
                0x00000000000000c8       0x30 build/core_main.o
 .riscv.attributes
                0x00000000000000f8       0x30 build/core_list_join.o
 .riscv.attributes
                0x0000000000000128       0x30 build/core_matrix.o
 .riscv.attributes
                0x0000000000000158       0x30 build/core_state.o
 .riscv.attributes
                0x0000000000000188       0x30 build/core_util.o
 .riscv.attributes
                0x00000000000001b8       0x34 build/core_portme.o
 .riscv.attributes
                0x00000000000001ec       0x30 build//home/oleg/projects/CoreMarkForRISCV_RV64_onQemu/FreeRTOS_RISCV_RV64G/Source/list.o
 .riscv.attributes
                0x000000000000021c       0x34 build//home/oleg/projects/CoreMarkForRISCV_RV64_onQemu/FreeRTOS_RISCV_RV64G/Source/queue.o
 .riscv.attributes
                0x0000000000000250       0x34 build//home/oleg/projects/CoreMarkForRISCV_RV64_onQemu/FreeRTOS_RISCV_RV64G/Source/tasks.o
 .riscv.attributes
                0x0000000000000284       0x34 build//home/oleg/projects/CoreMarkForRISCV_RV64_onQemu/FreeRTOS_RISCV_RV64G/Source/timers.o
 .riscv.attributes
                0x00000000000002b8       0x34 build//home/oleg/projects/CoreMarkForRISCV_RV64_onQemu/FreeRTOS_RISCV_RV64G/Source/portable/MemMang/heap_4.o
 .riscv.attributes
                0x00000000000002ec       0x34 build//home/oleg/projects/CoreMarkForRISCV_RV64_onQemu/FreeRTOS_RISCV_RV64G/Source/portable/GCC/RISC-V/port.o
 .riscv.attributes
                0x0000000000000320       0x32 build/start.o
 .riscv.attributes
                0x0000000000000352       0x32 build//home/oleg/projects/CoreMarkForRISCV_RV64_onQemu/FreeRTOS_RISCV_RV64G/Source/portable/GCC/RISC-V/portASM.o
 .riscv.attributes
                0x0000000000000384       0x35 /opt/riscv/lib/gcc/riscv64-unknown-elf/12.2.0/libgcc.a(_clzsi2.o)
 .riscv.attributes
                0x00000000000003b9       0x35 /opt/riscv/lib/gcc/riscv64-unknown-elf/12.2.0/libgcc.a(_clz.o)
 .riscv.attributes
                0x00000000000003ee       0x35 /opt/riscv/lib/gcc/riscv64-unknown-elf/12.2.0/../../../../riscv64-unknown-elf/lib/libc.a(lib_a-memcpy.o)
 .riscv.attributes
                0x0000000000000423       0x33 /opt/riscv/lib/gcc/riscv64-unknown-elf/12.2.0/../../../../riscv64-unknown-elf/lib/libc.a(lib_a-memset.o)
 .riscv.attributes
                0x0000000000000456       0x35 /opt/riscv/lib/gcc/riscv64-unknown-elf/12.2.0/../../../../riscv64-unknown-elf/lib/libc.a(lib_a-strlen.o)

.debug_info     0x0000000000000000      0x24a
 .debug_info    0x0000000000000000      0x160 /opt/riscv/lib/gcc/riscv64-unknown-elf/12.2.0/libgcc.a(_clzsi2.o)
 .debug_info    0x0000000000000160       0xea /opt/riscv/lib/gcc/riscv64-unknown-elf/12.2.0/libgcc.a(_clz.o)

.debug_abbrev   0x0000000000000000      0x13a
 .debug_abbrev  0x0000000000000000       0xca /opt/riscv/lib/gcc/riscv64-unknown-elf/12.2.0/libgcc.a(_clzsi2.o)
 .debug_abbrev  0x00000000000000ca       0x70 /opt/riscv/lib/gcc/riscv64-unknown-elf/12.2.0/libgcc.a(_clz.o)

.debug_loclists
                0x0000000000000000       0xc4
 .debug_loclists
                0x0000000000000000       0xc4 /opt/riscv/lib/gcc/riscv64-unknown-elf/12.2.0/libgcc.a(_clzsi2.o)

.debug_aranges  0x0000000000000000       0x50
 .debug_aranges
                0x0000000000000000       0x30 /opt/riscv/lib/gcc/riscv64-unknown-elf/12.2.0/libgcc.a(_clzsi2.o)
 .debug_aranges
                0x0000000000000030       0x20 /opt/riscv/lib/gcc/riscv64-unknown-elf/12.2.0/libgcc.a(_clz.o)

.debug_rnglists
                0x0000000000000000       0x40
 .debug_rnglists
                0x0000000000000000       0x40 /opt/riscv/lib/gcc/riscv64-unknown-elf/12.2.0/libgcc.a(_clzsi2.o)

.debug_line     0x0000000000000000      0x122
 .debug_line    0x0000000000000000       0xe3 /opt/riscv/lib/gcc/riscv64-unknown-elf/12.2.0/libgcc.a(_clzsi2.o)
 .debug_line    0x00000000000000e3       0x3f /opt/riscv/lib/gcc/riscv64-unknown-elf/12.2.0/libgcc.a(_clz.o)

.debug_str      0x0000000000000000      0x178
 .debug_str     0x0000000000000000      0x178 /opt/riscv/lib/gcc/riscv64-unknown-elf/12.2.0/libgcc.a(_clzsi2.o)
                                        0x1d1 (размер перед ослаблением)
 .debug_str     0x0000000000000178      0x1b4 /opt/riscv/lib/gcc/riscv64-unknown-elf/12.2.0/libgcc.a(_clz.o)

.debug_line_str
                0x0000000000000000       0xba
 .debug_line_str
                0x0000000000000000       0xba /opt/riscv/lib/gcc/riscv64-unknown-elf/12.2.0/libgcc.a(_clzsi2.o)
                                        0x120 (размер перед ослаблением)
 .debug_line_str
                0x00000000000000ba      0x120 /opt/riscv/lib/gcc/riscv64-unknown-elf/12.2.0/libgcc.a(_clz.o)

.debug_frame    0x0000000000000000       0x28
 .debug_frame   0x0000000000000000       0x28 /opt/riscv/lib/gcc/riscv64-unknown-elf/12.2.0/libgcc.a(_clzsi2.o)
